charleswright667@hotmail.com:100Eddie100

eng.ertk1@gmail.com:E55795D93ed411a8

devisfs@gmail.com:devis1977

spotify115@freenet.de:Prince15780

dakkuyufyu@nedoz.com:daniel0124

alessandro3452Lol@gmail.com:308639Ale

ava.cosentini@gmail.com:Lalle1212_

colmai820@gmail.com:None

oliwier.garbinski@wp.pl:Nelka01543

jolmerdx:JCR7elmejordx

manuelalcalazamora:manolo

aterror94@gmail.com:143HM143HM

LANEY.QUIGLEY@student.csn.edu:tahri2023**12

kratuskam@gmail.com:Dancefl00r88

hlgralexx@gmail.com:boby.1762

ivannina7794@gmail.com:tesla94ivan

xnhdyuauskvveewzcd:VM!N,Q#8th3vf

emirgames67@gmail.com:Emirenes6780.123.123

[UNKNOWN]:jungkook

p8720644:plotek77

kevinchair@gmail.com:1401175698cw

devd51560@gmail.com:devsneha2003

[UNKNOWN]:3210jamd270185

erengediklioglu1453@gmail.com:14531234

Randospeedrole789:Himom675

monteaumeaganelizabeth2@gmail.com:4599314207

satyabrata.dash.89@gmail.com:Satya@15

PabloShimano@gmail.com:Barborka8119

alecsdh@gmail.com:tentativa4575

erbok5070@gmail.com:boker76

arceeshane@gmail.com:DC

zedekshumi@gmail.com:[NOT_SAVED

diescordpodcast@gmail.com:risyafi123

emiliocaceres722@gmail.com:u6!trePTsZC_xW

heitornofort123@gmail.com:e4$.dnPGDwW%6i_

anantkumarrk1@gmail.com:Anant334

marnewyk.dp@gmail.com:KhaiGrey@1967

sadigungor1@gmail.com:1030

sadisakatukurunda@gmail.com:65_)et4rmD*3*Kb

rexart2015:jumpjump88

unknown:chico.123

liliantsbauru:Li270683bauru

misaelian.15+123@gmail.com:jose123r

svengumprecht@web.de:Damian191012

a0989017915@gmail.com:sc48ymVna#(eh5W

weSTUALviv@gmail.com:QqQwerty123

innocentngoran@gmail.com:LA7saintete

alleansouza1@gmail.com:pokemonkkk

phillip.hermann09@googlemail.com:Phillip2009

joaovitorcapucho@gmail.com:Ju_474116

kdouhane@hotmail.com:#Weidab76

pablo.rodriguez90:Yosoyelrey

UNKNOWN:Marlbo

pontedjvr@gmail.com:A178CF89AF

hussnainjaffer45@gmail.com:Moon1234

bolya.soma11@gmail.com:11200611

iimooka20@gmail.com:Mwer6655

omarkhayat21@yahoo.com:nippleTwister21

unknown:^MyN9rH).(jrC2y

jayanbrandi:Jayan@1994

ryiescriss@gmail.com:minciuna123

grace.brown9202@gmail.com:wcM9dS8D

naman.aggarwal2001@gmail.com:anonymous

amosho261@outlook.com:Sami1205

tronicfix:Apocalisse32

street.hiphop0214@gmail.com:Yukimura0214

Spotify:IlyassArj91150

sdqffdqfsf@gmail.com:Trdl1234

1383892:Virtual7129

unknown:500Mandy

olivier_lam@hotmail.com:Koskos123

mserquina1025@outlook.com:Mike1025#Ser

q948815555@gmail.com:948815545

nwammuoo@gmail.com:SPIRITs123

antonser24@gmail.com:antoniorusso7

ranjanayushgupta89@gmail.com:fDdrqLJyR-Aq2vp

info@nkihan.si:nk1930ihan

dlcruzjosef@gmail.com:josef1215

unknown:mytyjybj04

twoumusic18@gmail.com:Umutbatu16

sofiacastro0425@gmail.com:cavera1234

abduhlharamb:Bene2010

fivosanastasiadhs@gmail.com:CAPTAINFOIVOSTV*2006

nisgamote@gmail.com:Chaves1986

ayanchowdhury9696@gmail.com:Hadis800900

randygalvez746@gmail.com:randyorozcogalvez01

AlessandroOrlandoTrindade@hotmail.com:madagasc2

nico09zamora@gmail.com:zcn980914

UNKNOWN:Ld6tZTy3CFX7EfYxnDpJAW

quyen.mai@hotmail.com:FreeMini2020

mdfaiyazhossain1:faiyaz2006

adrien@irvinefamily.org:WorstOfNJ21

tondiara.lubis:tondiaralubis

tangthathao@gmail.com:MDvZnPR?qeTm#6v

abdootarek20@gmail.com:wasdqezx

akie.quicy@gmail.com:X7&svW&2y6d(,56

UNKNOWN:MP-z.Mku!kg3SKx

calvezjulo@gmail.com:"30112007Jc

ericlim1303.contact@gmail.com:ernst8923

jony2000gonzalez@hotmail.com:sYgNl2000

Tacoboy1302@gmail.com:emik1302

distale:paraluman

Andrewzao1:tatiana4936

credence.potiki@gmail.com:Hellokitty2

francesanz94@gmail.com:klibre187

martins232005@gmal.com:236511Kaua

rohan.bairagi@gmail.com:Rohan@2012

UNKNOWN:16home16

ariefaa@gmail.com:ikanasin#1

jm777ad@gmail.com:Longlivejahseh1818

redfacejocker:maxU9200

hossam7oss@hotmail.com:Batryk20080420

kerimgelegen335@gmail.com:kerim1gelegen2

ajsjsjhihi75@gmail.com:aapp12345

+639978478671:pogikotalaga

luhjd_3xx:Jdisnice3386

cigarata163@abv.bg:Kurzamaikati123

rajendra:Kushwaha

enzo.fabbri2012@gmail.com:sunkythebest12300

lunarialvaro@gmail.com:Pal3rm0

enzo_second:PedregulhoPreto123

espinoeva358:matate

xdporonga@gmail.com:1234567890p

Nyanastilinski@gmail.com:habil782

tomisilvaa32@gmail.com:51271828bolso

kleineratte2002@hotmail.com:HalloWELT2015

edgarmoral20338@gmail.com:freddy00

romanhirak22@gmail.com:Wm7J.t%D$PSHEjt

arshia.rashidi.138787@gmail.com:arshia138787

i_am_lucky_2018@mail.ru:antonio553181

fablea1601@gmail.com:bybye$2020

pavlov.lol12@yandex.ru:7GS}$5meSk4h

levinhhoang83@gmail.com:abc99999

:mujanovicnedim69

UNKNOWN:Ana161080

maramcafilmagem@gmail.com:24121212

iliess.guertit@gmail.com:Guertit123

xkaylabug10x@gmail.com:sp@cey

abhosekar9:Plumeria_2022

hunterlihimdi@gmail.com:13102009youssef

romandicmihajlo236@gmail.com:romandic123

laithpsnbot1@gmail.com:Zakak198

:monti879

danielpoolaid@gmail.com:uV2yRqfaYVea_kw

schindlerjoao22:KidKiuuby22

amandacarolineborges12@gemail.com:4VLuLR$y@6#aY+E

bkdbaaan@gmail.com:lespacra345

tizo2408@gmail.com:Loga2023

brookeraesch@outlook.com:19141914

bnica95@gmail.com:1122334455

gamingytmaddy@gmail.com:maddy596

info@trasportidariia.com:DARIAciubotariu

mammou1987@gmail.com:mahdouche1987

willymilenio2011@hotmail.com:72309420pao

jnmail.com.MN@gmail.com:clashofmanolo54

icdanielrayazamudio@gmail.com:Calvario80

18452194841:Snowball25

egaraleyski@mail.bg:bojkogamerBulgaria_34

karbownik2612@gmail.com:siwasiwa

panigrahisrijan311@gmail.com:Srij@124

hollmanperez05@gmail.com:hollmanperez05@gmail.com

mimi4mohamed@gmail.com:hamada2019

binethanuththara4343@gmail.com:thurstan12345

alfahitel:Dreherantal1849

prclebersantoss:IURD1997

theoannibal29200@gmail.com:974Yannis

dawidcukrowski11@02.pl:1Macamipc

tejaslavate2020@gmail.com:TEJAS111

parvinakurb2009k@gmail.com:crozslammed10

david.stefan@scoala82.ro:Giurgeni9-111

hojad91420@oceore.com:Kepala123

angelchairez42@gmail.com:Valgoverga1

zooyorkstreet:Aimer234pc

m.awnbadah@gmail.com:SP541994

syazaniaiman1604:aimancr7

ibrokemyphoneyobehere@gmail.com:MustDrift204

netlixdos@gmail.com:anonymous2020

elettronics@gmail.com:toshiba32

kennyclarke13@outlook.com:@Kenny123

jpbm051177:Juan051177

cresodauyoyu-7311@yopmail.com:123456rm

polynesiareunina@gmail.com:alexia987

vladyquiroz88@gmail.com:1752855534QRZ

madupani02@gmail.com:Madu@431

donkhadka:Distract#@571

kevinsantiago.tgonzalez07:Kevintorres07

pukeraboo3019@gmail.com:Legend20303019

timmytimerson5@gmail.com:Lovemy374

diego_2005_:Minecraft05

AZULUAGA2004:RM1902OC1948

:ymforever13

radmemeshe77777@yahoo.co.jp:Suna21716620

mehtaaksshat697@gmail.com:akshat697

felizernesto125:Sinaloa12

[UNKNOWN]:w)LUAv3SV%3aB6g

jamescorner222@gmail.com:12345abcde

trishaanshrestha@gmail.com:@@glue44

alfiewatkins1022@gmail.com:Tommysh2098

amarals.marina@gmail.com:ra240905

alexanderyoong@gmail.com:%ukRXfhv&f+36P

yJunaid067@gmail.com:TDD9VsKiR_dcibR

taduybeep@gmail.com:10298dkq

str321rom@gmail.com:Asxc1234

mrlancaster93@gmail.com:Zz9tak_2411

juanpablomolinerofalagan:4=.4hdE9Y5%nCBy

blakereadebond@hotmail.com:sc0liopS~s

jarussell1994@gmail.com:bx97yxzEfP-4nhG

eguezbarrios56@gmail.com:Kyrie@2020

pene9068@gmail.com:creaunacontraseÃâÃÂ±a

sketchymuaaviya@gmail.com:muaaviya

yungclippyz4@gmail.com:Divine2008

piccolomyriam93@gmail.com:piccolo93

fubpatryk@gmail.com:Kolodziejczyk1

toloo.ami@gmail.com:JM13Po5C

levydokko:2Biscoito

qualiz14@gmail.com:Puppycito

u2u@naver.com:Park780208

jesuli13:qwerty9666

tylergaming2005:Tyler345

gardikasa@gmail.com:aslan456

skydrive2701@gmail.com:robin123

edvmvnoz12@gmail.com:Eredereyone12

03075282210:03143126843

dtpmai25@gmail.com:maithuongphuong

milianymaruzinha@gmail.com:amoreterno20

paulofc.45@hotmail.com:monster4532

harmormusic:NULL

joehelly121@gmail.com:121Chuza

asefabtaf1:CowNter1234

makafarada3@gmail.com:emrah1980

harlemcodm.official:2LVtGH9bAkZ.t7U

colbyrivers4@gmail.com:Baylee14

johanlubbers2:scheetje22

randomaccountzeemo2@gmail.com:@Dam2003

pricker2003:JanMats-!2003

Rustyy822@gmail.com:Hockeyguy123

karthiksankisa10@gmail.com:Karthik789

wockkhard11@gmail.com:tashaka11

leandro.rj@gmail.com:a123456

N/A:30073007mes212

smtpsinbox:90807060

UNKNOWN:Theblindside2

ernestandrew@hotmail.com:bahamut123456

gulcinuzunpem@gmail.com:WP4zBCDWWd

dahuilin237:Chrislin1105

bjbaubebong@gmail.com:zeroneko

mckingleon@hotmail.com:9876543210f

shookdols@gmail.com:Aakitty89

ryan848black@gmail.com:Homig225

mxtiago@gmail.com:19621966Daniel.1994

gpvalli22@gmail.com:Valli@111

fannyprozaum@gmail.com:vL6CG4X9yDFr_n

dillresa71@gmail.com:fredd1438

ian.saboia:VICTORYmain123

frankenluna:franco44368498

dinismfsimoes@outlook.pt:Z66QNH!JGm7xLx

jorgeprodolliet@gmail.com:P1ZeJLGj

spotify:781245963

camilosuarezgomez13042009@gmail.com:Camilo13092009

itstushar3@gmail.com:Tushar1995

bradleylucas100102@gmail.com:Blackberry38

joemamafat2:Luky20021999

ellad98:spotifymusic1

cesartronic:CESARBAYARCAL

ba400874@uaeh.edu.mx:ahdescuellado

toriaveresch2019@gmail.com:Sugar2022

fazriandzikri251@gmail.com:Dzikri1

ps4jogador1@gmail.com:nhoca1318

paulavinuuu@gmail.com:roblox1234

maneyi@zippiex.com:brahim123456789

members.brky@gmail.com:9241203135brky

j.u.an.espi15rk@gmail.com:JuanEspi88

2^D'/Y@ZDk:?9fa

tataildespotify:0987abcd

jonimicrostock281@gmail.com:Zuhrotul182

ykspotify@robot-mail.com:424242ab

lewiscapaldipapi@gmail.com:lewiscapaldi

viki051@outlook.com:vikicolombo05

a47577120@gmail.com:c408k01993

1477061289:liang622751chao

3mmmemos:@152590Ga

emirhannoo69@gmail.com:ewqmnbv2006

masteurphenix038@gmail.com:rayandupre038

547862@gmail.com:tYk6PELZ69NMkcJ

haydenspurs30@gmail.com:ilovetrack20

akie.cute213@gmail.com:jojoak010523

maysemaydi99@gmail.com:maysem123

duquew@javeriana.edu.co:Andresd1

UNKNOWN:ILOVEBABYZAYN27

snoopyleftbehind@gmail.com:webhooksnoopy

aheshthennakoon@gmail.com:ahexsh@1205

marc.kennedy@gmx.net:yV.wKxf7vR+?wXu2

logitechmk45:Erick0510

wenkanedward@gmail.com:aa123456

nisauluhp@hotmail.com:bedoniss

juankber23:l23930205

franbarna61:1821bdt

BerrachedChadi01@gmail.com:1A2Z3E4R5Tyt

sk20000623:aUpS8TcM*=M?78

meeting@fastmail.net:Y9CMiW199425

jojigip507@1092df.com:Pandemia123

mestredoskywars@gmail.com:moises06843

laescuela99@outlook.es:NET12345

kirotakahashi3310:fZbk<6n$4EÃÂÃÂHnJY

arslan.samet12345:3723017ev

jq5amrltt3rwruikamgdoj8vz:Thush123

asdwasdawdEFSFH@gmail.com:BEdo112813

levcukur8@gmail.com:fredi228

v170rcarvalho@hotmail.com:gkvt1407

gusttavo2006@hotmail.com:gustavo200

kurdodzai:Maman90z

mr.d.jain@gmail.com:Dj@8899444444

ahsdbhasdgbuy@gmail.com:ahsdbhasdgbuy@gmail.com

camilocordoba801@gmail.com:camilo123xxx

surajshah9156524445@gmail.com:@17122004S

elke71750488@gmail.com:elkewar134

UNKNOWN:t$9FqWfv+DWv@E9

matheusfernandesp10@outlook.com:matheus-paiva100

Reindeerwastaken:swagmagnus8

Wwamir8911@gmail.com:Amir@1383

tonytnt2006@gmail.com:11052006ton

plastef003@gmail.com:Atanasov70273

alpaca4life2007:GTA6xMwfv6L5HtY

luis.audon@ermo.edu.mx:M5HQh4_FWJ8938H

itzyt987789@gmail.com:UcantHackme

:5dAT.7rmUQUMpf

martinchung0479@gmail.com:h0w$3$myp@$$w0rd

king_mahmud123@outlook.sa:123456789+LOVE

OLULAYOMI.IWAYEMI:BISOLA20

omer1998cetin@gmail.com:ASDomer123

iancarlos102193@gmail.com:yecar102193

tnuimjygfredrt@gmail.com:1234432100

aaronkurian16@gmail.com:!@#iamroca

IFPalballorensvi@gmail.com:6566282b

itz3f1ghte3.business@gmail.com:Ohlinger100

UNKNOWN:igcr11sgod

tulga_tlg@yahoo.com:Tulgaa123

codewise14:Codewise14

UNKNOWN:0318bin5745

dlw6816@students.fergflor.org:2isGjA8YK9mebBp

almunawir123@gmail.com:alpasiryjannah123

ilorizzgames@gmail.com:(-ilorizz-)*08

10947902:19137

[UNKNOWN]:Gremio1981

UNKNOWN:DqhnmbM!c3GqHqL

jhuci.hrodrigues@outlook.com:ex128any232

tovecicontra@mail.com:YyEwATqMwaRZnCMyerV3Gr

hinata999@gmail.com:UM6<b)5fk?6B.mn

guillehpy:0983110180h

:Tr8P!y-WfuBR5M

UNKNOWN:5900SA287M

nancy.gora@pronabec.gob.pe:40266723Ngf

octvber@icloud.com:DxddyLinux1

emanueal90@gmail.com:ilovepussy

quiquedj492@gmail.com:dafneciro

nguyenvantrong_yhn93@yahoo.com:Anhtrong93

LjwkeXr_Zs9m3:p

valentino_rt@outlook.com:valen0823Val3n

abaradomharwin1@gmail.com:Mharwin123

kenleylukemoodie@gmail.com:Leedsutd1991

zhaocongliang2014@gmail.com:KhZ&Fwjw)MuZuS9

ramonfelipe.ca@gmail.com:Tck62686

noughii@gmail.com:mehdi19

Claro_1900:59312571

ppurpyxl@gmail.com:PhisoPro1

yaliyof941:alinft021

romanboss06@gmail.com:dyinglight

donsugathweerakkody@icloud.com:d0772778393H

nguyenthanhthienlmao:13012011

zero212@gmail.com:willmelo2020

mathis.usquelis3@gmail.com:Mathisdu62

PedroPantarotto:Pi3141592

jefryleiva7@gmail.com:corei510pro

pilaerc25522@gmail.com:angelsagitario1219

raveneverstopping+52@gmail.com:sasha123

ks5486@srmist.edu.in:Krishna@5354

UNKNOWN:8qxNKbtN45Bt4LDN3TeWX2

aguadaeze71@gmail.com:qBYsxyb9YFtH3qL

beepuy15@gmail.com:bpuiahauzel25

yyAdCd:9bR.7guV

charbelbassily69@gmail.com:BOMBOCLAT69

UNKNOWN:Juancruz18

wertyuigii@gmail.com:20110210opl

officallondonvfx@gmail.com:VU3M7bYdFgJR

migelx51@gmail.com:Acuario13

hanna323:orsange123456

kariluthi:lucasythiago

lescovadrian@gmail.com:andreea123

964067743@qq.com:HenryHunting0305

UNKNOWN:26503110

alexsandrolopes.souza@gmail.com:leck14121980

reallymaygood1234@gmail.com:9560212926

9444.joan23@fje.edu:drareg999

ashley.dewitte:Klokhuisje739

nmcmartineze@sagradocorazon.edu.gt:titan123

nmtuanlam3108@gmail.com:Lam2007@123

kuzeyduran@gmail.com:Kuzey1107

vianahaniel252@gmail.com:4224gabi

marcogusella.it:042499422

mozezm:Sp0tha5n0fy

lox0059@gmail.com:20092412

daianamuller02@gmail.com:gd230615

lesentmusic@gmail.com:Jamesmustaine5

thisisogrecords@gmail.com:Kakapuri@123

gbemisolamamaabiolaeleja@email.com:mamaeleja2010

yimbiryimiki@gmail.com:alimert06

:Emilia2015

[UNKNOWN]:spotify1425

myah04@nqcialis.com:makanbang99

nickamoyo4@gmail.com:NinjaBlevins4

qklinho@wp.pl:Qklinho6622

xocoyotzinhernandezortiz@Gmail.com:Xocoyotzin2003

:Ilovemymonggi14

alexsandro2pac@gmail.com:letthiery

danfloo.perez@gmail.com:TeamoSherlyn

l9496803@gmail.com:lolauwuxd

clmacphersonlevesque:Mitchell20066

yeiquicrufrouva-1815:Fahem_1993

rashadsuggs@gmail.com:shadical123

kris11112:methodair1

lleonardofj@gmail.com:QaXNXR&485i"nu

enderericfn@gmail.com:123456pas

carolinaana26@gmail.com:carol2480

maks559900@gmail.com:J2r=kuug!DCb(k

ahmedhid50@gmail.com:Ahmed2002

remi.beauvineau@gmail.com:Tartampion83

creeperhaks1234@gmail.com:FingerPrint0

2022001.th:Studentbook

bossdragondeath@gmail.com:demonicprince

UNKNOWN:23022071

celio.souza.silva@gmail.com:pqp?1070

jtcc@jtconstructionchemicals.com:AuahGelap123

HubertGieracki:10asd11

midohussein369@gmail.com:mido246810

undertaker_gui2002@hotmail.com:GhostofSparta007

ykfaygo@gmail.com:david.r455

karneshnathan420@gmail.com:thalakarnesh20511

ale.qzd.kda@outlook.com:alex1830

[UNKNOWN]:daniel94DANISIS

dobleaindumentaria00@gmail.com:19033105f

pcsolucoesresidenciais@gmail.com:Fmenesesnegrao@7475

ermyorugua:dt2160

jcornist@cneschools.org:Jaden480909

lesboporn@maddiecanson.33mail.com:TGreer06

amirh1414@yahoo.com:Shamee123

cristian99815445@gamil.com:amomamae

saadounisalahe:salah123@@S

UNKNOWN:e6X.q.u#)msAj&P

Yoshithasuweena@gmail.com:yoshitha

j0semald0nad0:babyboys05

farooq-musa.mohammad-bashir@regentschoolabuja.com:Myself@1212

:Eccolaspot76

makiman7999@gmail.com:cesar1969

ohmydaddysasori@gmail.com:Daddychillplz

richardalza59@gmail.com:bairon29

UNKNOWN:Salagalex00

asaskdw33@gmail.com:azerty123

akkdlyatipa@gmail.com:eCgSzZR26xu2.bu

makslutsenko2007v@gmail.com:15082007m

1billysts@gmail.com:nikgrik122

akosijopol:Password0601

eraybabacantr66@gmail.com:eraybabacan19712005

conradgottschalk11:conrad007

mcdonboladao@gmail.com:jademaria92

faris.suroyo@gmail.com:Demoman12

matheo.rebricard:M@t_l@ur12

perez.tasama.jj1711@gmail.com:Perez1711

UNKNOWN:yunie0707

sourabhsardesai40@gmail.com:sourabh123

matiasdemaestri@hotmail.com:43044MedioMillon

willwelling.ww@gmail.com:American1

camilamarquesratinho8@gmail.com:desenhos

KGJJGJKXHXHGX@GMAIL.COM:KGJJGJKXHXHGX@GMAIL.COM

hiitsaliv5@gmail.com:moh2022

zeta.kalandra@gmail.com:11799911Bitdegree

khaled19772002@gmail.com:KH19772002kh

kavrukmert:21hasan21

jimenez09luis@gmail.com:S5CvzU(tU4E9cy

vimmurajawat@gmail.com:RAJRAJWADA751

juanmartin823@gmail.com:juan5411

ydowl1997@gmail.com:09186461756

[UNKNOWN]:8522857707

josephdawson912@gmai.com:Shelby70

kubaszczepanek65@gmail.com:0101paulberger

getmtm@gmail.com:mtmsuhail*123

mazenyassen75@yahoo.com:MA1593571oT

Ledzendtv:Darm1234

or:V70

meidiana.work@gmail.com:mediesem1805

dhruvmittal2006@gmail.com:Drowssap1

reginaldomorais154@gmail.com:123

deshaharris1@gmail.com:deshaharris12345

UNKNOWN:p)c3en_wrXhVAzR

valerie_1022g.r:STEFANY@6

mirak-tirak@seznam.cz:smidulinka

euphoryarg@gmail.com:euphoria2.0

rafamonzon@hotmail.com:654643389vero

yatagabriel775@gmail.com:yata1234

Carlos_11_aldair@hotmail.com:tequiero2

edivanmlopes@gmail.com:@Edi1o92

quinnygaming39@gmail.com:Jenpat01

love.svensson264:Mangokush78

uid.piyush@gmail.com:jkl12345

felipe.b.g@outlook.com.br:99895971

almaka@gmail.hu:Sasa2002

kossanagiyuta9@outlook.com:awesome0

hogexaw771:Compte2.0

tradori.biotech@outlook.it:Martina141Op

Willmai378@gmail.com:William123

DIKSHA:mANU@12345

leewendell@hotmail.com:K_AxSKim.Bq!xX5

benjaminalderete121005@gmail.com:benjaminalderete

peteriralaa@gmail.com:juancruziralafromm

thanostsoublekas@gmail.com:Ðâgt*131001094$gÐÂ

ZTu:Hi!y9ihLgg5

luffy8901@outlook.com:chino8901

rodrigogms76@gmail.com:rgms2002

v2iqv2iq@gmail.com:Xxaaxxbbczcz4778

sisil63692@topmail2.net:net2345678

mthunder223hotmail.com@gmail.com:mahmoudd32

nurathirahasri24@gmail.com:795377

emirneer@gmail.com:Priya90

UNKNOWN:ouanaim2

bathlagunik5@gmail.com:Satnamji@0412

UNKNOWN:asdzxc!23

aleksandra.sromicka@gmail.com:pluszowaola2001

ahmed.essam95@gmail.com:Molto@2014

miguelangelfiscal.73@gmail.com:Jmsskip6

oscararroyo822@gmail.com:dPy4tCDME95KYtpWvhQZJv

HAPOC:nj2102QR1757

ziadwahiid@gmail.com:_lolhaha_

michlmaxmilian:Neoprenix25

soulless112107:Bo3master

[UNKNOWN]:lorenzo00

qwedkrme@gmail.com:Sophia5687

akolatronic.duros:NeverSayDie20

jonaslucas1993@gmail.com:jonaslucas

vairace:etka1209

mistertvistrxxx@gmail.com:Onlypositive86

paperinikpais@gmail.com:Andre4_2010_05

ytbirozzz@gmail.com:Ezio97100

kavyamohan46317.1@gmail.com:kavyax1111

luisfernandogaleoti@gmail.com:galeoti3d

qnw24722:dubeyji3366

s1l9a:5353997

felo06098@web.de:derclubAAA1

rebelchill10:rebel/5014chill

andremccarvalho@outlook.com:MxQSi*XMQB_5y*8

voidwinn21@gmail.com:smallpotato

geviru.siriwardana@gmail.com:1234qwer1234qwer

contatodgroov@gmail.com:senhaspotify9

gromash36@gmail.com:thebrajham0

gaetan40.r@gmail.com:minecraft40

gmsvarma@hotmail.com:Maddyv222

kubagameng:wV5Eqawd.NZfid5

jjdyno08@outlook.com:gamer4life

captain.stuart@outlook.com:Daniel@46869149

martokaradjovbg@gmail.com:Karadjov3990

ryoyahya15@gmail.com:ryoyahya150404

snaifff@yahoo.com:snaifffsfop97

UNKNOWN:boumnkot2004

kturro@hotmail.com:Artorius0328

matheusmaii2214@gmail.com:mai

rokume0965@gmail.com:09654314991

brayanavila14:lm1eba7e

lixalic:123456

kleviklevi190@gmail.com:klevis2005

ptruong1311@gmail.com:gunny2vipp

hizamanabdhalim@yahoo.com:jaman1997

marcozanetti:spotifyocram

ola_cosmica:jovama98

furrylizards@tutanota.com:mexico86

ifeoluwaniolufunmilayo@gmail.com:IfeZooto01

oalshamar.yv@refq.site:ggffrdas

seenavinod63@gmail.com:Mns$7590

Edgar103rus:1029384756edgar

j.podeszko@gmail.com:Lidzia1964

kamalraj_j@yahoo.co.in:k9845812133

miguel.cazalez@uqroo.edu.mx:cacm2484

muhammad.adeel066@gmail.com:2023@aA01

thebhfactory@gmail.com:8esZaWcy*/H9xxL

UNKNOWN:#19788791

vivisoll1312:Blaupunkt1312

:L8BVhZ3-Gf4Btgm

flachserveur@gmail.com:Anashredder918475

UNKNOWN:eddyestbg

unaveritos@gmail.com:261198veroOo

a:Althamis111205

shubhmantri1208@gmail.com:natraj#3105

aminahaitabbou@gmail.com:toystory3

rafaelgonher@hotmail.com:RAFAEL70

jojo4rm4ny:3615Jojo

ubaned@hotmail.com:UBAUBA159

abdelah71@gmail.com:AGag123456

UNKNOWN:231194nguyen

camillargn:,wesley

chwinabi@hotmail.com:Poisonecarlate29

mlferreiraart@gmail.com:5007102909

info@artistasviral.com:W1delport@l

pvv2725@gmail.com:ketan@117

blubbblabb8905@gmail.com:basti8905

diegoyarevalo@gmail.com:070809Kenzo

joe.rgd15:Nangisitninognog999

michel.clemente:mic!!2020

UNKNOWN:whadilley123

hina26210405@gmail.com:ASTHY5654

yu146810@gmail.com:dejun.666

angelisidromj@gmail.com:superisidro2011

legendarylorenzo55@gmail.com:Lorenzo555

markguerrero574@gmail.com:markguerrero574@gmail.com

larico@fast.yt:larico2015

fahimbro34:fambro310

leonardo.cardona.br:Carolina@1997

sempak@sempaktes.com:mV73@s%V2TxXnkq

ahmadsaeedgouri7@gmail.com:solid1furball2

vncs013@gmail.com:nino2020w

sanidhyabankar650@gmail.com:1234

gunelzafer5@gmail.com:zafer1611

mauricioacevedo17@hotmail.com:4zk@*&rZEUhZ'HM

saifullahmohaimen@gmail.com:saifullah@786

emljumsjwwlvdwpfoj@pp7rvv.com:gQstU#y,QT4/p9M

dycha0980@gmail.com:AsG803M@jGw!sPT

stefan.musca23@gmail.com:stef23@23

jhin5k@seznam.cz:Maminka123b

AydonGreyling0408@hotmail.com:Ralphd0g

reastillus@gmail.com:cobatebak11

pederijck:Ziprip912

feliperesas:felipene

yigithanmarmara06@gmail.com:24072008

annaferre2015@gmail.com:Spotify1728

ma_lonso7:jqbyehys

brayanesqueche77@gmail.com:71484607dni

jirkahach7@gmail.com:7hbzm!KYULF_JcJ

sadachok9@gmail.com:gevas1999

abhixvii:Abhishekd1997

UNKNOWN:4k,TWFYTgdw<q,f

karmkarem498:ksamk678

harishbabubalaji@gmail.com:No2$gold

choenkiep@gmail.com:Babalief1

Tien_anh:Legend1992

martamagony:Luna147

UNKNOWN:RKcamboy@2020.com

[UNKNOWN]:Asmoredjo1771feliX

2197752112@catdogmail.live:adam1234

TwanyPanty2000:lilitoler0710

Jessemrive@gmail.com:pD-.4Z6x-AAy473

rydraken1990:ZFwkecav_Sq4u2J

davifpaula:bella,2015

cicaamiphone210103@gmail.com:210103lari

josefromchannelviewwww@gmail.com:Babyboy05

18hoja01@mata.com:18hoja01@mata.com

tomer@ovadiya.co.il:trtom123

1gorider:1gorider

denniscaceresr2019@gmail.com:denniscaceres

parkerjcgonzalez@gmail.com:sonata2013

j:!DuVYK_aB6+6R

3mxebrn4kda93jxsspiwoiek6:L1*PjN6@6T3w

fihexak916@art2427.com:rusvas6

kustalekmel@gmail.com:enfesenes2323

ulissesmotta1972@gmail.com:162534

gbsmusicpro@gmail.com:Matrasmatras@2162

2LQfNG:XFwkjW6P

Nklas152020@gmail.com:Nikolas2020

joaopedropgaraujo@gmail.com:znZ.3i73BvF#rif

anandprem1792@gmail.com:alan@spotify

gabriel_fruchi@hotmail.com:Ga@28shintin

lemefa7641@marksia.com:CRISTIANSUHR28

younghugo559@gmail.com:jaime5454

hollowblockzz69@gmail.com:HANNAH008

d802626@gmail.com:2612

868804ce9d@emaillab.xyz:abdoq123

florianmarisol@gmail.com:trinity

francodemaria2003:homera123

dynorito@gmail.com:dynorito0000

spotify:flipper2020

davidakadaka@gmail.com:david6cabc

klobs.lockbenz.ozzisch@gmail.com:Succ3ssfulL

salva.coronado.09@gmail.com:#Oblivion09

pierrewuillot1@gmail.com:*dr@gon50

chetrakhoem07@gmail.com:Q!9p4/7*WEZur*H

aliali.vj@gmail.com:[UNKNOWN

ibrahimierik3@gmail.com:Riky1234

arorashikha361@gmail.com:jaspal121

rcb555123@icloud.com:8FwZL&!cCh#9DLU

spedrohenrique900@gmail.com:pedro123321

shaswotbhandari@yahoo.com:Gtavicecity12

unknown:!aamh1508

adamhoe800@gmail.com:nr4@3jamVGB2ChS

prncdavy@gmail.com:0704598116

juuh_Cruz:35782947

brenda.levano:Brenda_87

tskeyra@gmail.com:534122534122

jureymax598@gmail.com:Eda.2708

961590935:niko5890

a.soussan@edu.umi.ac.ma:xpoxman4

Jrta-PQyW:25hu8

schoudhary77788@gmail.com:8401600325

kalelhasnone@gmail.com:Skelipoo9.0

palladam2kphotography@gmail.com:Sasinowfi@007

littlelove259@gmail.com:c2h0e1n8

lastonbanda85@gmail.com:reynoxbanda

leslyangomasmadina1515:Angelita14

abrarmehedi.me@gmail.com:Mehedi.Info024

[UNKNOWN]:TM5q#yw@7#XRmy

kendrispotifyonly@gmail.com:kendri123456

kurowskiadam2007@gmail.com:Adamos12

romerodadakali@gmail.com:tUDqRDzR!37L7R2

aionimagine@gmail.com:skate22313133board

Josiah:pp#D2ap3kLM?W&P

hernan.rodriguez.lopez@uabc.edu.mx:hernanrod00148376

18070132@student.hhs.nl:wesmees100

edna.hulsart28@gmail.com:Pid9fx7376

perrongro1207@yahoo.com.mx:belfagorth1207

manadilo0130@gmail.com:8A*Cd,JjEJM*Ee

marcio.lopes@grancursosonline.com.br:mlcd.8945

[UNKNOWN]:salmasmart

[UNKNOWN]:[UNKNOWN

muffi-233:#7Grommes8

or:V70

gangwater248@gmail.com:_a6g.JntH)ixK(R

ashishahirab@gmail.com:Ashish@hir

dliadiscord2.dliadiscord2@mail.ru:mercedes_166

spoilebr:Gamer101010

taewiggins183:moose644

[UNKNOWN]:ontabiadab123

rongbangooo208@gmail.com:d.anh0503

alain.dumetz@outlook.com:alain31416

iggomak:potatoman123

anthovlp0:123456789azertyuiop31

alejo.nino2333@gmail.com:alejoni2333

gemaal72@gmail.com:Gemaal72

paigekofford44@gmail.com:19581959jk

sbadio98@gmail.com:Anonymous5

rahelmoha567@yahoo.com:hama20133

novasiplays@gmail.com:elpatogaming666

gernydabest2004@gmail.com:01133460

ryansace15@gmail.com:shesoyamyI1

valdiceasilvaferreira81@gmail.com:adri2020

richmondkweku09@gmail.com:2003born

roby.cigla@gmail.com:jedigovnabree69@3301

brunosax:Iloveyousomuch82

margarethtocloy3@yahoo.com:spotifyaleng

906828@yonkerspublicschools.org:?aku$gQ+qx7aNBp

cesardt29@outlook.com:Cesaralejandro

Nasseralroweie@gmail.com:HzEY4W43XA

s.alvato.tucke.rt.m.p@gmail.com:R8pkC?hRH)YVsU

josetima1219@gmail.com:angelsagitario1219

swissp408@icloud.com:DillonAsuega1408121687

suncy0713@gmail.com:spotify3030

rudragoodman@gmail.com:idiotlol

mukeshjoshi646@gmail.com:mukesh@4054

halvomb77@gmail.com:[UNKNOWN

zekinler7:I%s54#QsKmIE

piotrekzapolski@yahoo.co.uk:StratocasterV5010

henriqueschenkek-br:esquiloo67

erichellene@hotmail.com:hellene122029

gabenewell_69@outlook.com:gabenewell_69@outlook.com

ismael.josuegil@gmail.com:Nay300504

tanduria.indonesia@gmail.com:tndsukses

namanpatil24102006:namanpatil24

joaquin.galaz.8540@gmail.com:Zeeleck0

w.w1919@hotmail.com:QqWw123123

zekadosmato@gmail.com:vnaskljdnalskdas

yohansel1706@gmail.com:hansel30

acidadefalada@gmail.com:dex.cidadefalada2020

djandre.monteiro@gmail.com:Anna190105

scachero:ladines987

skolr0019:kfo898989

gazsimc12@gmail.com:Zsolti20070913

goncalves.johnny:Jg040801

dtflame12@gmail.com:aiden2012

kauenjc12@gmail.com:kk140809

favriciogaston@gmail.com:gastoncito

souwilsons@gmail.com:Fr4nc1sc0!95

sofiacarro1234@gmail.com:martin1610

simozhd@tiscali.com:qwertyacer

ssarik:)Wn88KMzUntjnw8

vaidik009@gmail.com:Pubg009g

[UNKNOWN]:clanner11

caynz9:garritas0204

hekkikun123@gmail.com:palalo66

brewell17@gmail.com:bryan1999

PandaZstrike@gmail.com:Mo692005ji

serapc746@gmail.com:markd.o.1216

kristina.kelemen@yahoo.com:Danielkristina2011

[UNKNOWN]:escutarmusica7777

laerciovieiravieira24@gmail.com:PARH7575

UNKNOWN:V&^<2m?wmqrzeSQ

azazera@hotmail.com:azaze123456

:Batmanisdc1234567

raskovicognjen1@gmail.com:MonamoN2006

martin.slavik222@gmail.com:Doktor123

ahmetkaya545432@gmail.com:omar90807090

zyfros211@gmail.com:zyfros012

stevengobraiel14@gmail.com:Steven6020

jean.melo3@icloud.com:P6AbgFCWrzAS-Ay

asdwasdwadsdwa@gmail.com:Computadora40

kendalldani29@gmail.com:ickkckI2p2

david.weber.cks34@t-online.de:44Bogestra789DW

nax2323@gmail.com:h2429622323

niksukreivi@gmail.com:lucy20016

u:H

airwick0008:Ary@n9374551718

imianerasmus@gmail.com:#Born19750526

grovestoner42069:03062006as

omarelkhayatti7@gmail.com:Mario123

iruryhan:mario13414518

euyiver.9.8@gmail.com:Aa1234567890

juegosdeadrianvaldes@gmail.com:Adrianvaldes1

winskerdx123@gmail.com:pokemon3d

mareyarahrojas@gmail.com:reymart03

mohamad.njm19:mnjm19800

gabriela.santos98.uk:HNe%Lq9axJ.xF4c

fapumarico:ricsi5624

unknown:ucolfca986502

kmysticunderstan0@2china.site:panda123

cody.robinson2323@gmail.com:Limpmonkey12

0daniboypchacker@gmail.com:#DaNiBoy23

leohalfass:riscas08

mohammad.alghuff@asriyya.edu.jo:3.53453543456386e+25

UNKNOWN:ariel+12

robert.tec.info@gmail.com:2590782145

oliversexton08@outlook.com:W6q9Sjy_49nXa!Q

dsgtrader:rush2112

hadairry@gmail.com:Lmfaoo223311

codybanks360@gmail.com:Deadpool0000

atakocaktv@gmail.com:kolordum46

jnmedystudioteam@gmail.com:Idontgiveup14

12145874161:Alto!dark0

samuelcastellanos83@gmail.com:samuelcastellanos

17x83zzz@gmail.com:Hermanos12

dimasadriansyah028@gmail.com:dimasfikrah028

c.dubuis@freeinbox.email:Gwada123

jssmatossanxhez@gmail.com:Raulw7w1l0

geral@silviaferreira.pt:Guga3147566

ainnirleka@gmail.com:N1rlekaplay

cs_imformatica@hotmail.com:rinode@2017

davidjohnhi:iforgetit

celsokevin@hotmail.com:689802Kevinmalu

adamos.binane5@gmail.com:adam2007bn

domingospwdro@gmail.com:Mementomori321

nicolemoncion5@gmail.com:nico2005

OmeleteSemOvo:12345juninho

carlosrocha68@yahoo.com.br:Roch@123

marcelocytrangulo@gmail.com:001133

MartÃ­nezraygozayaziz@gmail.com:9uD#PVJB5/A7g

tinf515@gmail.com:MiqF8d&R!MLA?p9

yaqoubabdullah8@gmail.com:v+knbW$*75Ug$%_

itzprincipe@yopmail.com:principeconde

2004012700100@alunocarioca.rio:81945287

[UNKNOWN]:replic75

mehrshadtahoone:mehrshad0831

dandarknilo@gmail.com:dandan123

suanshrestha@gmail.com:Loveyourself@2014

rebeccaselly10@gmail.com:Bethlehem@22

sikesdi.aron@gmail.com:Lbhbb391aronka10

czawiel@gmail.com:hl13wpl44

aaconn26@outlook.com:Aconnelly262

dhhdhchcj241@gmail.com:brufen1235

jpsantos1401@gmail.com:Jo@oPedro_9

tiago_caldas25@yahoo.com.br:AnaeThalyssa098

angealhelweyy:12801988

unknown:Ddib20042020

Javieryco:Espotifay@papi3232

102deepjyoti@gmail.com:Ddas3898

jerssiemaseko12@gmail.com:jerssiemaseko1953

abyilinda@gmail.com:accuza12

bookingfinim@gmail.com:Zc_VCB7n3cLeQ4T

23contasteam23:2004lego2004

pantaleoq@gmail.com:panta.51

martinh.hemmel@gmail.com:Askyn2018

euborgesrocha@gmail.com:gcir12042014

cesarseminario:cesar2016

alessiogennaro:dreambox1982

mustafa.fakhouri@gmail.com:Ali#1118

adriangrochow@gmail.com:DeadJoker56

catvfx2308@gmail.com:miperralumi2308

pergoez:da0804

tykelol:diablo

dymasfrahman:Emiratesairlines123

johncolinchio@gmail.com:colinchio511

himakiran2012@gmail.com:Kiran1234

jonesserkan@gmail.com:24841065820a

didatamvan@gmail.com:GamoxingYoutube

AjarPSD:Ajar2020

rakhi.dhama@learnapp.com:RAKHIFASHION21

evanthe1@outlook.com:cuba2016

ditay12468@chimpad.com:AngelSalas2241

Icebearsa3@gmail.com:GERGERNIMO

090b46b725@mymaily.lol:44vkbXEE3Z!ZUGJ

zrekyr:zrkyorby93501

adham.3f.british@gmail.com:HSb.ZCa3gaX6NyV

lilgotenblack:mateomesiano

hamnachemassinissa:4407350Ty

liliana.correia@allcan.pt:Licomaco

recepyerebakan:Koyev_3178

solomon.nkrumah75:adasah123

pukiface:Marcie1

kesenrajsivathad:kesenraj10

Patrullaroja20@gmail.com:Anderson123

mimpainformatica@gmail.com:F9P$V,jk?%nhN7

chicomoscosiohugo@gmail.com:Hugojulia1974

dushyantjangra191@gmail.com:dushyant@2011

timo.navratil:ieg13TmS

beermannfritz0@gmail.com:frikon1104

ardy.setiawan2001@gmail.com:akuslamet102

shumbuly:musicadelalma11

deepcandycherry@yahoo.com:phoebe31199

you.mouss123@gmail.Com:Nasnorpat93

325452542laara@gmail.com:lara100611

pakof93199@trendtivia.com:Locoloco01

contato@docelarmarcenaria.com.br:gatos03011976

conkyrich@gmail.com:astra16v

lalafq3@gmail.com:yumikut0

mbujnowski@neiu.edu:CSMarcelb365

axelrad@gmail.com:Paxelrad#1

ishaanminj69@gmail.com:ishukaju

nwcr90ttdo9ri9mat10evvqn5:Camron.parke21

ami.nex.otd15@gmail.com:Sllottery.22

tannerrodden1993@gmail.com:240sxRp$13

unknown:danci2001

littlegrey326@gmail.com:Ryan3007

marcydawnnelson:alanis

UNKNOWN:kidlooplittybeatz123

iyb.midnightmass@gmail.com:nopassla21

:facuneanderthal

fortnitethebot7788@gmail.com:Wrigley1

liezeharmony@gmail.com:lhm05032012

marzoukyoussef2008@gmail.com:7nHwd7*8x.7NjXA

alexandermilk2@gmail.com:Caaro_01

maclouismusic@gmail.com:Ras82385

UNKNOWN:LuciferMD14

duyloc0205@gmail.com:030805030205.MLl

lestor507@gmail.com:Unm61210

davidpro20000:Db327756771

oliwer.polarczyk:Oliwer9911

mdavidg07@gmail.com:Madagusa.582

iWickedi:33649221

Muhammadmallaik123@gmail.com:MallaikMalaika7

ranacantante2009@gmail.com:losprisioneros_mila12

rohitbavne8841@gmail.com:bavne8841

complete079@gmail.com:Shambhala

spyzznw@gmail.com:admin

rhyschambo12@gmail.com:CumInMycrack

lovelydeath75@gmail.com:new2019u

gerardo.cordero@michelada.io:luisgerardo93

xinqiu231078:Roman231078

mirianbenitez2022:RRoc230278

camdenlandryshark@gmail.com:&Jy9Gb2g$TB?f

victoriabolivarm@gmail.com:victoriam

shaquilbrown7@gmail.com:Shaquil1213

mp40sami1234:Gosami12456

y.guilherme184@gmail.com:ttlb80ttlb80

eduardofachinim@gmail.com:durafatata

mariocas2012@hotmail.com:juancamilo26

nfrealmusicvevo43@gmail.com:nfrealmusic

variedad2ciudad@yopmail.com:194500AA

roll_em1990@yahoo.com:Thegame23

davidekbalcarek8@seznam.cz:david7310554002004

hunter.bates071@gmail.com:Terraria1236

juanpedromoyano0965:428332moyano

UNKNOWN:70224518

abraham.lopez.herrera:Analucia1234

patrocinionathan:v0cuv527

niklaussuvage@gmail.com:mamank

nightpanders@gmail.com:ayano3128

thunderboy3779:sonamanoj098

zbarcob@gmail.com:INIESTA8

azizfiras94@gmail.com:Ed7storm

stephanstreams977@gmail.com:Ah3p89QnYPea!M

kenkenedy377@gmail.com:ancris101

oheokjgdfkdfjkokjdfg123@gmail.com:F6625697g1

ferniemusica@gmail.com:Papi0526

gabrielsliazaite@gmail.com:20050703

williamdc8888:williamdc8888

tarquiano@gmail.com:3bhb120CT

ashivanishivani86@gmail.com:Manikanta@333

koku:OORDO100

dstajgelova0@gmail.com:XY8Pp4ebGiB.8zN

gtborbora08@gmail.com:Roster@01

awatarashop@gmail.com:Zakyganteng17

Pywiix:julesjucraft91

UNKNOWN:lgfbrindes

163111568.mx:diegopz12

[UNKNOWN]:Looneydead1899

standadmiracle:Grafgraf123

kadencreate@gmail.com:897cvd6c@Ge4WWC

seidelfabian09@gmail.com:M2602V1026

ggz.02nn@gmail.com:g19092014g

0587.12002@telia.com:mp3171

barbodamirsafari@gmail.com:Younes2

god.of.death.ryuk1@gmail.com:HDz27#@ED/q*4dQ

dpetrechescu@gmail.com:dimitrie1234

olivbout@freee.fr:61RueDePuiseux

jeanette.ostrozikova@gmail.com:ahojmama

bmjosagames@gmail.com:ojojANAM16

eliannyjimenez4@gmail.com:Ely17-08

alonzoterriel@gmail.com:Torry@143

2005lamine@gmail.com:2ROUXmdr

nunom827:Chico0912

UNKNOWN:walchle1507

kole.baki3@gmail.com:2004kole

xTobey92:fc3037505

ozziebgarcia@gmail.com:HotDog420

MarcosMB1@gmail.com:michellemor

edht123@gmail.com:edna3721

teamgeist@sfr.fr:Team-201217

roland34:erererferfg

arvymi3@gmail.com:ArvymiCz5894

mafiaaa777@gmail.com:19engineer77ing

venkateshgolam@gmail.com:venky2003

rizkydarkness39:rizkypratama

championlogicent.info@gmail.com:zxcv

dinoyken@gmail.com:ken2210811

joura.martin1:Martix@!2000

radiaz92@gmail.com:13soneca09

UNKNOWN:LuOcjelmamBiby2

artistprashantarts@gmail.com:Artist@p

aminbrito2022@gmail.com:GU!#$zw6EC._Sh

alejandradelpilar398@icloud.com:carlos123

tianadoge1234@gmail.com:Fatboy24u

iinkzy831@gmail.com:dax12202011

alisonmroa@gmail.com:Lordzeroorezdrol29082004

mikotrs@gmail.com:michal02

matildedelcarmen07@gmail.com:Vegetta11

rogerdecker12@gmail.com:Frizzle25

ben.urb@web.de:B4tM4n03

meraki.band2021@gmail.com:Paunobaiixista69

kacper123216357@interia.pl:[UNKNOWN

luizrapinacio@gmail.com:contafak3

nofall26@yahoo.com:192022#Jj

keeeko222412312@gmail.com:4825550100ms

javi.90@yandex.com:Cielo90M

Spoty:demarche2515

nelisarose430@gmail.com:nrbd4302006

hth14789@naver.com:dbwjd123

dany080611:mk001288

:Blackyasser123

masonac1022@gmail.com:Mason1022

raudolfoclaudio@gmail.com:claudio2018

karolinaxbilska:karolina_0

iionutleobteboss@gmail.com:ioensnasjnsk

hutao.byho@gmail.com:EVggHwe%N7dBvub

dracxgamr@gmail.com:Naman.2010

danillovieirapimentel@gmail.com:danillo2023

[UNKNOWN]:Ponferrada2017

markiplier188.gm@gmail.com:Eltigre1996

1018884:032709

ramiznathan@gmail.com:landroverdefender110

amarsyed@ymail.com:-sgbES5dycr8Ffz

vojta.hosko@post.cz:Debil500

pedroteiro:balila

undefeatable26@gmail.com:csplayer123

jefersonolarte84@gmail.com:JEFERSON5434

agustincho_2002:pedolol1

@y^MCam:76W)ZUr

silvag252:00123456

ezates5858@gmail.com:Bycabbar58

kaylanrms@hotmail.com:xTmeY2_f$NDm%Gz

rygamer666999@gmail.com:rygamer6699

zorzos.and.kostas@gmail.com:MANOS2007

mgumeli149@gmail.com:/p93"8?n/XV8(4

abarca_145@yahoo.es:Su0600335

benhbsm@gmail.com:Rodrigopapai

tiagotournour:tiago1020

nevermore_15@outlook.com:kakaroto220

rnchugh100:Nanak@12

iwodn142:abf073012

friendryusei@gmail.com:Z390jmSDF61749010

andriamahaleod@gmail.com:andriamahaleo2204

bomaykia456@gmail.com:phuong2004

fredddyfox4:carjack00

dycoin:10da10si68

UNKNOWN:Hypnosismic11

tharoonmadusanka:Tharoon@1997

walter.photographer2@gmail.com:Risiko1234

ekmen61@hotmail.com:11717171

leodelacort@gmail.com:erineide

randomucetm@gmail.com:Tzjw792nuCVbKKg

riwine1411@jq600.com:6676660robert

nutacosmin08@gamil.com:cosmin2008

jacintoisla@hotmail.com:1292isla

khanhvan1998ts@gmail.com:vankhanh2003

maxi_87_fanelli:maxi87

UNKNOWN:8/=pvG'KwC#2/H8

mukkul22:Muks98103

UKiniry:KoCBscGLuQX

stroman33@gmail.com:stroman33

16133033-7:1Q12345g

frpestano@icloud.com:Dada327

theironarmyjp@gmail.com:udLuC(9#cz+ie4J

giosuemazza@gmail.com:Gionka-1988

pingolindicaprio:m16110306

knjrv@hi2.in:@ahmedmoyed1

aaaaaaaaaaaadswazsxdcfghj@gmail.com:Nightwish2020

dmoreno1607@gmail.com:mamaweboxd11

gaudenciopopoca2000:cerezo2000

:bluntonmymind

bardx.karaoke@gmail.com:bardxkaraoke

statusboss06@gmail.com:Jordan12345

MAJIITHO5017324:c4210525

wikusengel12@gmail.com:Engel@2012

vijiraw631@wwgoc.com:jaeden11

ravighale90@yahoo.com:ramghale123taro

ben.drin1142:567567123bnBN

haxhiajdini_endrit18@hotmail.com:haxhiajdini18

hannabenitesjooj@gmail.com:Alcalina100

guest_error:dddddd74

tomdichs2010@gmail.com:kk110910

UNKNOWN:2241141288aA

zhangyanjie0211@gmail.com:Qtv76nqG2Kvi4Fz

turbosbiagio@gmail.com:mgfc2019

tadeoroca14@gmail.com:jesus.robles978

ali2005.agm@gmail.com:X4F&atYjC"_"+wb

itsjoshitsjosh@gmail.com:purposelife8

gbarredaflores@yahoo.com.mx:rosario95

razgrosfeld8@gmail.com:razgrosfeldistheking7

paulosantos52@gmail.com:rankiao123

nikigeorgiev65@gmail.com:niko1999bg

ma.bhutto@hotmail.co.uk:MuhdAli04

d.nirliptananda@gmail.com:nirlipta@spotify

chazsowell14@gmail.com:gta661234

gustavo1997n@gmail.com:sereno123

UNKNOWN:209830418Casa

yhwh.exe@gmail.com:Humble.14

Jakub.stanislawski.ldj@gmail.com:258611531

davodrew17@gmail.com:3646633Davo

firman.este@gmail.com:T4zmania

unknown:dwoander01

perttimattila@gmail.com:Atteveli8!_

jehadayed1234@gmail.com:jehadOG2007

vetaraketsanga@gmail.com:123456SAIMRATH

ivi06:supermario02

eduardonegruni7:LD-b5NcRvAP-8Si

maruamrodrigues34@gmail.com:MARUAM2020

denis.pirvanescu@gmail.com:jonhtree_1

giovannidasilvadecastro888@gmail.com:gsc18092006

ayexus@hotmail.com:Aqabijaz11212016

oleqyt@interia.pl:OlekXD12345

fiorellaalvarez1853:2601165fa

Aishalife1126@gmail.com:aishaneon1126

darkfoxygamespvp@gmail.com:dark1004

kbkiranmuic@gmail.com:Mahdi!102030102030

rajo89:Gerrard8

anapauladelacastro@gmail.com:Dudu0827

spot:EduardoLs0000

Talktotalk13@hotmail.com:griphard13

amandapoolyes@gmail.com:Polsk@01

benashkenazy2010@gmail.com:987153704STERX

[UNKNOWN]:091370403

lucasferreira20022009@gmail.com:91371991

unknown:hugoamaral200321

marc.morata@cmontserrat.net:gehshshshshshah

burduselmario16@gmail.com:y3f_D5Kx667t!!F

juanproyt:B9FZk54rrMxKfWE

thaynaaquila@gmail.com:thayna13Gg

toyok02809:20982098

eliasmihguell2@gmail.com:madara!!12

florensr12018@gmail.com:the1slifer22

vasilije2007@gmail.com:vasilije2007

mdapundar:940506md

ruiruiclips@gmail.com:948794rui

thekiller50090780:OvidiuLuca2004

pantostadophoto@gmail.com:tegoshi05

nathalialubia@gmail.com:84825208tha

officialgmbfglibfgbooking@gmail.com:42E102pl

polanclizandro@gmail.com:lobo112209077

susyratonsita@hotmail.com:susanc87

ngochaocompany@gmail.com:Tuanmc123

samcarrara@yahoo.com:Carrara54

goyodos548@edulena.com:goyodos548@edulena.com

stefanocaffo25@gmail.com:,&pu)f7_hRdXN@6

singhved2308@gmail.com:23vedsingh08

rhsfth@gmail.com:yayaya123

ankushakasumit1234@g.com:ankushakasumit1234

edelman.puk@gmail.com:paarden111

maitelaviax2@gmail.com:m4itescuchamusic

echilialightmoon@gmail.com:aurelie2001

edwinantwi777@gmail.com:Superclarkkent7

ruycoitinho@yahoo.com.br:mltm213037

:meamomucho.67

tytew1219@gmail.com:angelsagitario1219

anonmex2111:humberto435

hamidbarakat@gmail.com:0956403499

lordwingomez13@gmail.com:March271998

chicolue8@gmail.com:29r5CRCr4b

UNKNOWN:kakeguuri90

2l6bjazo1vr7l5bbj87a7bkmd:VrWfgnE@4VCGWf_

marianalorenzvilaverde@gmail.com:m97253962

!FSNR6k6i:QXDj

wardcavalari:nomoretrouble321123

reinaldo.js1@gmail.com:senhasok123

lamontbrazil55@gmail.com:theonlyone

nguyenminhtriet493@gmail.com:minhtriet0978

spotify:19P8WB3QQKTERTBb

yousef2018almajaly@gmail.com:almajaly121314

red08@abv.bg:10102008Nn

sillaganacriss@hotmail.com:SsRnjWn49!n.u?A

bartekp9806@gmail.com:zqkrbufc99

smoothplays2ez@gmail.com:Smooth_Plays_2ez

brinquedo49592@gmail.com:danmc1992

1658474:YZ9NLQ-rF.QmHqr

lukiansuini49@gmail.com:Lukiansuini92

macauly.parsons68@gmail.com:macauly2873

mr.davidte1025@gmail.com:MyAsusRog.G731GV

zynex:aquakid28

UNKNOWN:Chinna@1621

mtyprueba1:123456789

osamaramadanmax@gmail.com:01020192005

Sammytosseram@gmail.com:04Sammy0508

brazeviciusauris@gmail.com:Marius22

folkfiat1451@gmail.com:11223350

barbarkral3462@gmail.com:barbarkral

quincyjohnson722@gmail.com:qdog709

lavidavella1@gmail.com:altamirano38

ramikaofficial2005@gmail.com:ramika123

magichobler:Z3ll@s@@41

zorava_091122:cnmcnm47

JohnnyJohnnyYTP@gmail.com:MilkyWay123

pleoalmeida12@gmail.com:leo179561

g84v3wj6v90gtzaykesv4b5mw:heisenmeth1356

luizsilva.lf92@gmail.com:HeyDark3141

ytnguynquy@gmail.com:u

muhammet.ceylan.9461799@gmail.com:01082007

kontakt@miszmasz.sklep.pl:Lemoniada14030

invitrolatino@hotmail.com:L72311698

micropower:robert@98

keira8858@gmail.com:keiralynn12345

rnaraulnonato@gmail.com:rna123456789gat

cri1yoon:naopis842

galaxyytgamer2:asunaintokyo

franciscoleonelugarte@gmail.com:simple

yunusemretekin7434@gmail.com:y1234t1234

[UNKNOWN]:PARI6073

faszaapad94@gmail.com:4ftr45t43tr43t

adrianalkd23@gmail.com:Drica@#25

ebazanb@hotmail.com:862875EgbB

7ed96cab7f@hellomail.fun:lolxdmdr20192019

pattaranan.t.1996@gmail.com:Ddead9954

1179475016:vito1997

bwanakalulu@gmail.com:25Natuleya11

cloverstarxdust@gmail.com:stardust_2021

ungjessica8@gmail.com:onetwo1213

wmrglbw@gmail.com:Codygakpo18

xanderma62@gmail.com:11qq33ee77uu

tjkqmir@gmail.com:amir5656-_-7

eliezer0121@gmail.com:lorota18

martinfiksel@gmail.com:Anonimo7144@1

mohitkaushik481@gmail.com:*_yJ!6NFgL@QAbT

contact@emkaymusic.com:fridaytofriday

todoponys@gmail.com:Xolany1013

timoteoguillen@hotamail.com:Pe640284140

digama.da@gmail.com:epicgamer

miguel.go.ohr@googlemail.com:avatar13

umwarimudenge@gmail.com:Leopold1968_

rg_stylex@hotmail.com:Alejandro01

dafor11franco08@gmail.com:cris1108

ricardo.gamingpro@gmail.com:ric@rdo12

UNKNOWN:cimorelli

makata4107@inkmoto.com:elhadi2001

wannabegaming3@gmail.com:Jazzy101

guinariga@gmail.com:guinariz5549

onursahin.subat.8888@outlook.com:kimvardamda634

thavidlen:t(-.-t)5985

alibben@seznam.cz:kada1964

karsten.goeckeritz:abe240581

sinner2003ftw@yahoo.com:MaleficaYMota2021

arsovimage@gmail.com:Chocho!7

:roccatrice1980

pascual.seraphim@gmail.com:kenzoseraphim12345

jannatnafees1@gmail.com:Vu-mRveqKm7YSax

nrochoab@lncproducciones.com:6a7AX190G82

pinalesalejandro@gmail.com:2345612345

sangnguyen2481997@gmail.com:sangprovic123456

rektone11@gmail.com:mertgm4gmert

patrik.turi@web.de:1742000280125357

cartaodoseu234jeito@gmail.com:Ariane123

analuizaolicos@gmail.com:ANALUIZA18

trxshtalker0002@gmail.com:ilytrxsh

daniel.vega.1425@gmail.com:V14251425.d

boconel2008@gmail.com:Choice2004

alejandrofernandezflores36@gmail.com:Alejandrofernandez66

dariaacoccia@gmail.com:Amorevero12

rhyseward69@gmail.com:rhyseward69@gmail.com

polinikispaok@gmail.com:pol20002013

supsolutech@gmail.com:Maycol220116

animatedseriemovieeditor@gmail.com:huhwhathappend

[UNKNOWN]:Salm19cielo

enter:P#dw

LIKON22:nikusko22

solid_chris@gmail.com:garfield2008

oliverleo88@gmail.com:velove2826

a.williams666:Israel66

[UNKNOWN]:.3Zqp3d5ZYS.nBk

servicesole@gmail.com:3785609sod

numero.132@gmail.com:2003221

bgargov:wazxdeS

azazerazazer:azazera123456

ramtin.crunchy@gmail.com:mahdi1384

veeissexyheheheh@gmail.com:Brandon2010

theboss1237860@gmail.com:Barik123786

edehoop@hotmail.co.uk:scubaman

beastx@abv.bg:suchalongp455M8

brigittefiallos20@gmail.com:1a2b3c4d5e

ali1998tjk@gmail.com:iphoneam1458

teamxshield363@gmail.com:padapuf34

Pataso1:ALEJANDRO

lukaturcic@yahoo.com:LukaRijeka1

arroyoven@gmail.com:coche2023

mellysa_mela23@yahoo.com:sabina12345678

soulytbr:jadeco2002

tonpe.parag1@gmail.com:Parag@tonpe

Mihajlovicmiodrag2:mikacar10

khaleddriving@gmail.com:Dmfk6UsaDMK@i5V

111mjhansen89@icloud.com:4NyLxLJiHua24XA

za85465846846874896773@yopmail.com:09855793aaa

UNKNOWN:vxXLUn37Uej22ec3my3ASd

ceclanmarina064@gmail.com:the25thbam

edo.arriagadal:benito11

ernesto:NuFlojIdEnApAn1

hananorman03@gmail.com:studs1645

annenbaban060:123eqq123

alan_asf88@hotmail.com:alanfranca

maxel93516:23092309sS

davyford@icloud.com:VzvrF0rd3##3

jelle-baars@hotmail.com:utrecht123

ps3gamers23@gmail.com:arugendalka

kingzeuza@gmail.com:Hennessy13

fanfunjie@126.com:1234567890qaz

78146@student.up.poznan.pl:+&M23%-i.LY94dc

marcos634:Sofi1233

johnegbertthegreat101@gmail.com:70034333

UNKNOWN:bK7gFgJ_ek8i.zG

sam_martha12803@gmail.com:samispretty123

nuriffah1111@gmail.com:ArloyItsMe

unknown:fernaoferro2024

PensemosArg:h5g4f2589632147

heyboy2020@gmail.com:ronnyn031

apoqalypsehypixel@gmail.com:Pegathy2021

kayd865@gmail.com:Kadarius540

rianaraujorian@gmail.com:36251478

culdudehari@gmail.com:RTHGb8XHph2iaCt

andresonjust288@gmail.com:af44on44

hec.agus.romero:hec.agus.romero

vhalmiron@gmail.com:123mudar

info.jwojnar225@gmail.com:jiriwojnar

spotify@demon.com:password123

djablehi@gmail.com:Djaber1981

angelinecris2018:A10Flis18

fithrisyah20@gmail.com:Axia@Kea9292

dukieblue4@gmail.com:RyanJack3

andresalejandro428@gmail.com:20063005

1965813544@qq.com:1965813544Zjh

nelsonepnm@gmail.com:martins2006

kwakuboatengcuccittini@gmail.com:Boateng6739

3206082321:Taxiuty508

om327124@gmail.com:omar112233445566

abyan@eslink.me:ryanair12

deathball1323:Cooldude1323

federikog88@gmail.com:evangelion90

gui.brito10:@Saegui120921

adilinio85:adilinio85

Kiarix:DV$j&NBy-@ffz9h

egzonkonjufcaa@gmail.com:UniversalS1

spacevolution01@googlemail.com:Samantha0901

qxic.personalizados@gmail.com:121236QXic

UNKNOWN:carolina84

mac.augusto1107@gmail.com:G4u8t8o6

idgarbo123@gmail.com:Jethrodog

gamingbosnia2014@gmail.com:veselA109

ismailrashid797:soooooop

DjSindromas@gmail.com:wolfer1312

Saadhussainarain0977:ARAINBROTHERS

im:stupido2007

peakking99:Peakkub123

vishwjeetnanaware@gmail.com:X#p8*TPr8y7e6Kg

carlosvelasques@outlook.com.br:projetox_cmm

cynthiavillafranqui323@gmail.com:cynthia040781

lejape3935@ascalus.com:ACHRAFsaloumi01

[UNKNOWN]:Sherlake1

alixtanger:234serra

jay100678000@gmail.com:.vyQJjsn-88fdGZ

ajannandalejnr@gmail.com:messi01

jecai74:baby_joshua

abranico25@hotmail.com:abe1234567

rmoro:C12765342c

besha@alafghni.info:XhEnHcnh.y!jX9

jjcalma05@gmail.com:09216233649

as0tmane.fr@gmail.com:as0tmane.fr@gmail.comas0tmane.fr@gmail.com

jamilachbar57@gmail.com:jempietheboyiscool

blood.theboss100:pakistan123

c3m@4vGi:pV%6@h

ptpdhanush@gmail.com:jkj37428

juansebastian031102@gmail.com:Hola#15

onisooul@gmail.com:mita2335904

marceldeutch:Starwars123

Bruno.fortnite17@gmail.com:pacisesti69

reberdesincasa@gmail.com:Micasa69

magodelsex_2000@hotmail.com:soloyo

yomele3814@nasmis.com:JGDjhvrk79

kaiobrennoss05@gmail.com:silva1405

UNKNOWN:Skarzera201406

nordinahtouch@gmail.com:KAouki123

contatodjwaldoque:waldoquedj12

yamahadan100@hotmail.com:elidamarie

grojasg@gmail.com:Garg1076

almost4672@gmail.com:@@Faruk46721414

mehdihosseinifar111@gmail.com:mehdi1400naya1

Mastersubzero6@gmail.com:1237henry

etiennenikiema76@gmail.com:3fxuvqS!KKuuYwZ

joaomusic00@gmail.com:99937148

ryzerxx:awesome13

furkannozok06@gmail.com:2245309Fx21

:bmwf50tl20ky7jk2

sueli.menezes1981@gmail.com:NS&WiqLbERc5j?B

yoyol73802:joetiamo123

asnafielyar@gmail.com:elyar138989

swaggiboyo:TheCandyFix

anagabrielafg@gmail.com:fmb5055

mooredpaul69@gmail.com:$sub12345

burceadaniel34@gmail.com:marinela

bieremar@brightongrammar.vic.edu.au:3489army

joashoefnagel@gmail.com:Spotify.951753

tieme.coppens@gmail.com:AikaLief1234

rushekeshnehete@gmail.com:Rushekesh@123

samueljjones2007@gmail.com:jone7226

pattimanav2@gmail.com:manavmma305@1

tenneiljstokes@icloud.com:Stokesfam4

madiliajojo765@gmail.com:M1e1g4an

sakamela96@gmail.com:barcelona180

x528u5yc6nyayjzgh9m2yxavu:!244913

paablote:swordsandsandals

robado30@cuvox.de:Salvatierraguana

marouanbentaid13@gmail.com:wapv0175

abbasalrabia7@gmail.com:Sacdb46424

meyblyat@gmail.com:enemyroza5

kakangtiar@gmail.com:hikmatiar

oviedofederico39@gmail.com:ZethraGG12

blajones76@gmail.com:4ks9DyZHwwT<w_W

amitk76134@gmail.com:w+Tt&P87#yJnyB

unknownapollohacker@gmail.com:Mmjavmjav123

gigirosa:S7gvn*#y

titosianturi@yahoo.com:Tito25121990

poggersvalorant11:Valorant11

ouamannoura@gmail.com:Ma112009

elsharkaoui211@gmail.com:Spotify17391468

sauradina08@gmail.com:saura.05

trevonjarrett33@gmail.com:Kidflash23

bernadp13mpt@gmail.com:bernardo12

ssrleopard.zzz.210724@gmail.com:nhezda999@ZZ

ASHRAAT6@YAHOO.COM:112233AR

aboujassa@gmail.com:aboujassa321

konstantin93.vs@gmail.com:5856363next

hunter07w@icloud.com:hunteravcÄ

joyboy14b@gmail.com:2024music

elfi.gressenberger@gmail.com:22051950

jvb4200:232802326

alexandre.banhos69:Senhaspotify@2002

barari.alireza.com@gmail.com:#1thebest

kiwaeugene32@gmail.com:123400

oguzhan44budan@gmail.com:RTPS246

saminyousef:1350540Sa

olumsuzinsann:92631043

mihaelastroe721@yahoo.com:VU&ri3U#4C5HUQk

iamagamer18@gmail.com:rowland17

luisenriqueparedespalacios@gmail.com:Luispa28

aadityaap22@iitk.ac.in:Subarna585

raidallaoua929@gmail.com:soveja3898

74664657x:74664657Xx

JeiderCastanDobrova:Interestelar.#$1990

saminyousef@ahem.email:1350540sa

andrewfkyle@icloud.com:water234

mano_manoufar:71315857Mm19

Inggermarc:Canadiense

JFC04239:Lola1102

Iharel555@gmail.com:idan4475

tristanmorton77@gmail.com:8zaZKSw5GamF6ZahX6Nykm

X:4-XB2sKtw378W

maddox7gaming:jesus777

pabbamusic2007@gmail.com:9PP7a9m32007

peter:petyula2006

seijaspablo26@gmail.com:P1a2b3l4o5

zamorakyrie94@gmail.com:1g9pq6mu

danrimmer0@gmail.com:040108dr

kumaranurag063276@gmail.com:Anurag@113

xzenoblox100@gmail.com:XZenoBlox@1

ing.edumontesinos@gmail.com:mudikkk12

tufisalexionut@gmail.com:ibitsifut1

Batool.is.Cool@email.com:zaina12345

meroxd4321@gmail.com:01016469761a

sharonjohngaming@gmail.com:Gaming123

UNKNOWN:giang565

Purple2115:bartek2115

[UNKNOWN]:Dudi05

f61245603@gmail.com:franciscorita13

carrolldiego2@gmail.com:D002952cer

JOSELI.OLIVER@HOTMAIL.COM:pitoco2010

n6ggas@gmail.com:buffy111

africasjason@gmail.com:@Pixel123

iliasplay14@gmail.com:azlaazla1

engfr201@gmail.com:SAMCUCSUC123

younesmunez@gmail.com:younes

pan0074@mwsc.vic.edu.au:Minecraft!3

firmannoor126@gmail.com:Firman126

jmontoya0029.net:Messi1019

amchamp04@gmail.com:master098

waleed.wow69@gmail.com:qwerasdf1

nlkkvawx81opmz9dj8vyy07x5:26FIRAT26

aidetmartinezperez@gmail.com:5523062868

wagikak673@mcatag.com:Sananemal12

xpandemicsoulx@gmail.com:control14

kissradoslav424@gmail.com:Radimak123

barmenbornoz9@hotmail.com:takatukas94

UNKNOWN:root2k8

53999476332:osvaldoanselmi351

purposeproducao@gmail.com:@Poesia23

rosekerrymia@gmail.com:16894Kmr

osntpwhv@emailure.net:123456

ALMUTAWAHAMZA@GMAIL.COM:123asdASD

JhonatanAV1999@gmail.com:1036684363

yyruh84@gmail.com:roblox1234

bv.benja@gmail.com:camilo11

naruto.net7884@gmail.com:6w_t!Bge4t!2Xjq

gesselocultor@gmail.com:gmproduÃ§oes

teknolovers@gmail.com:Ct6ryvhjvhvbj

gofrebrigaupa-4419@yopmail.com:gofrebrigaupa-4419@yopmail.com

edrixskiba@gmail.com:SkibeQ1428

hallo9875:EmoLemo123

djfersho:djfersho

matthews.cadin@fillnoo.com:matthews.cadin@fillnoo.com

UNKNOWN:Bemposta75

musky10867@gmail.com:Binance!23

Domy:Trunkye@1965

amirkamel792@gmail.com:Emilykool

UNKNOWN:manxa1598

jacksonstrom99@gmail.com:Haresh@2005

malikabdullah0981@gmail.com:5397be44

rmohry_t739y:ba_?%KVX!7u2&N

mofdiabdelli66@gmail.com:algeriadz

ruthsylvia88@gmail.com:rutizy46

UNKNOWN:.77nEsP..2Y4jkS

fberkemeier21@gmail.com:Florianberkemeier0

nonamenha3@gmail.com:Ducanhdepv@2007

nasserqatar13@icloud.com:szV72L.TCTJu3RS

UNKNOWN:4B7ugE2ssmV4eRNrSDNwzs

lolmhtrf14@gmail.com:killerba123

lealandrey684@gmail.com:3008754016AL

rodolfo.fonseca.357@gmail.com:rodolfo11

zatobomludim@gmail.com:perabbrs

praivatslv:1997golden

kusnohb@gmail.com:samijaya9

mosabbassim123451@yahoo.com:mosab200220

probala21@gmail.com:probala431

nick.ioannou05@gmail.com:Gj3!J.GRas)V=RN

nuxincops:Ma25347a

danilo.b.n@alu.ufc.br:261026

engjashaikh@gmail.com:Junaid1975

andersondizbl@gmail.com:sumadre1320

bdeeptrading@gmail.com:bdeep871

m.zeeshanmalik2007@gmail.com:4taGf/Q29HRUH

asadzia123@outlook.com:Asad123

momokimemes@gmail.com:humam1995

dirtydie63@gmail.com:[UNKNOWN

wasacoiner777@gmai.com:komisan777

ahmedalshime402@gmail.com:Mido***000

gufo_tv:gufetto91

tadesserobel95@gmail.com:952600456555

jmcasolco.58@gmail.com:Tezontepec.58

czy3807@gmail.com:Czyspotify12345

duende_afo:Koalas0109

boones7u7@gmail.com:Calamardo_12

sibayons@gmail.com:Roblox2020

tola04294@gmail.com:lucaslindo

josuecrean@gmail.com:rockyescochinoporquesi

motorep.lider@gmail.com:vannesaxddddddddd

afwazizah.maruzi13:@Firdaa0801

patryk.szczypkowski.teo@gmail.com:Patryczekiop12345

jye233@outlook.com:fortnite.0

phumiphat.arthur@gmail.com:1937-1945

Antonio:overwatch109

sek0004:hongkong

spotify0203@libero.it:Pasquale@2002

[UNKNOWN]:yassin951523062003

justblainemc@gmail.com:#Miner2006

dzesba.staimaba@gmail.com:samsung8797

Faisalksakiller:Fa102938

yassinejahab@gmail.com:yassine2001

hrathebeagle@gmail.com:24hraaaa

dragonka8888@gmail.com:Lofasz8888

ulitmateblacknight55@gmail.com:dexter_pIayz

paolafurtado2019@gmail.bom:25140668

9040@micaegypt.com:9040@micaegypt.com

robertonecla111@gmail.com:robertogorila1928

estellefrontini44@gmail.com:oceane2005

wilmilo35@gmail.com:ngalisabu12345

aliurascim716@gmail.com:erflo987987

batmanisuchiha@gmail.com:Batmanis_otaku12

a5ujlzusvihbgsxqw6plp0e6z:4047291647

willjas302@gmail.com:m!BFtX.6BSTKPB9

efecankefeli3:20062006

liamscherier@mail.com:Mcliammcliam59210

mikey4k008@gmail.com:117014WW

coolkidthatsnotgay@gmail.com:midomido12

imprensagramado2017@gmail.com:mathias9090

niky010385@gmail.com:Gessicatiamo85

andrewcris@virgilio.it:AndrewSpot74

m-11123933@moe-dl.edu.my:Pa77w011

maxthewolf2007:raamseslopez26

[UNKNOWN]:,4/QnGDkrD!%S5F

kauep12xp@hotmail.com:ryusei1309

[UNKNOWN]:260471ct

uzumakisasuke1609@gmail.com:Umair1609

santiago970418@hotmail.com:spotify2020

UNKNOWN:agus1971197

samueleoddo@hotmail.com:Samuele03s

citytelecom147@gmail.com:Ajttja@12

santiago1.bernal@ucp.edu.co:Morenito2119Q

luizhsg.96@gmail.com:icetroll2224

:nL_Hs5YKeagc6eV

golarama2:redeyes

maxproyt3020:.dc9wfwmQKk6u3T

harpreet-singh@live.ca:321729725

kabdouik02@gmail.com:virginslayer

hajmoha.mh@gmail.com:HAMham04021970

gerconan:Yolanda1524

allankings89@gmail.com:99389162

ezequielgoudinho123@gmail.com:LNBfERmUyr%2G

cloudzybusinessinfo@gmail.com:prajwal5karki2233

bellshareef15@gmail.com:LF?gwL_3akWn7mB

lilia.djeddou97@gmail.com:Cc38maqZVTpkKj6

Ayoubbedrane18@gmail.com:yamajtm

jeezneed49@gmail.com:120makol1mak0

m.gabriel.azevedo@gmail.com:deussalva10

kamv30@outlook.com:Olakase1

cadkeywork02@gmx.us:1194asad

eddspa@gmail.com:(Edu1964

mouad111@gmail.com:mouad111@gmail.com

johnpaolorafananrefuerzo:jp220600

barbosa.gladston:PR1VATE

yamala8631:WERTYGTD

frankielindsey6@gmail.com:Bbiisshhoop1

poufernando72@gmail.com:fernando2004

amirahvsna:86820404Asd

jmalandronazi@gmail.com:llamarada

carmelominuti@gmail.com:Concetta67

lulualmeidafofa@gmail.com:lm15082014

raeb8841:09022011ss

mateiartene08@gmail.com:mateirotofei08

leandrosalvatore2007@gmail.com:ciao2007

adrianhamm16@gmail.com:Adrian200544

senjupump1@gmail.com:Pump6901

:tae30129522

Flash.ArnavBadve@gmail.com:Arnav@2008

rhyswilliams06@gmail.com:123qwert321iii

gaelcitoxdzelayita@gmail.com:5446150z

alberto.santos@acad.ufsm.br:Miguel2019

medoxxxbox@gmail.com:omar2244

osmanbaki321:osmanbaki321

UNKNOWN:Pericles33

jaturgo:pacotillo88

unknown:BetiErreala1

muhirwa62@gmail.com:muhirwa62

yoskeskinstore@gmail.com:03012003

bernacunha48@gmail.com:berninha05

AxePSD:AxePSD2019

[UNKNOWN]:ji3g4gp6

Spotify:Transitconnect2009

wesgafoor@gmail.com:qFpJKB7if!/q-Za

efren07sanchez@gmail.com:V4Smc

Marvel.avenger1511@gmail.com:Abhinav151108

shwetakumari.iss.78@gmail.com:9931659641

abbah201035@gmail.com:Abbahladan@1

landontidwell604@gmail.com:landon241023

wiktor.spotify.10@gmail.com:qwert12345

zcdegfrwfdevhjk3r4tg3rfuhtrefef@gmail.com:wtey455htrhy5y5

ragnipafye@nedoz.com:Ali30472098

hasan.akkelle@gmail.com:013510

okubicki1@gmail.com:MatiYT332

clinica.dragabiavelar@gmail.com:Recep2074

dariomendoza05@gmail.com:fn01042002

UNKNOWN:djitzikb22121967

AndieDaBoi@gmail.com:creeper8

istvanbela1977@hotmail.com:bela197703264435

amritraj5159@gmail.com:@fallinlove

mahmodad@email.com:mahmoudsheesh3

mail2sid1808@gmail.com:SiddharthDas18082005

hetgjjdlx:butchoy123

deceg66894@vu38.com:VX32KQDP

newcastleedl@googlemail.com:iveco410

areategui342@gmail.com:966827793

alakachakma@gmail.com:moscow@000

arainzubi0125789@gmail.com:QQcc23

vikas704:vikaskhushi

jmsantfo@gmail.com:spotifycoimbra

bipoho8434@lidely.com:983ebd4888

warnaplus:indrarez051567

manjeetk447@gmail.com:Manjeet1122

LMM2711:bochum

UNKNOWN:silveriolopes15121977

mohamedelgeheny808@gmail.com:Moh_Elgeha100

lops.flavia@gmail.com:likan011

narochheang@gmail.com:Naro125895846

speedyprince2021@gmail.com:Clapme30

gestionesinternet@outlook.com:cesar2581

emir3752@outlook.com:Ayhn04170545

david_herraiz@yahoo.com:1314151617d

veinkhy:compact.aquila

keucmcm@gmail.com:101010

fgcvanbreukelen:sassenheim8

[UNKNOWN]:9173384734

nelson.joao.gonga@gmail.com:Nelson@1996

prathamprashant014@gmail.com:9972334053

UNKNOWN:Agh1705

starkingducky@gmail.com:jeffyboiop

framesuperXD@gmail.com:voidkuy7

UNKNOWN:juancarlosavila

giuseppepiras.itis@gmail.com:@Gpiras931

forres.505:yonaci1970

valik_4444@mail.ru:valikparis123

33405@elacas.edu.pk:daniyal.malik1

etyantos6@gmail.com:ethanwashere

tobal3533@gmail.com:jalele23

seregasva6@gmailc.om:1q2w3e4r5tserega

dam-kaczor@wp.pl:qwerty321

smak@ligaya.xyz:gwen10192003

UNKNOWN:account_003

jgw0002:senna0105

gummo.net:2ucajapH1

UNKNOWN:20014Novembre

mateo7555555555:mateo755

ianrocamo13@gmail.com:najberg

undertalefan4290@gmail.com:Stephanie32683

shitlife1212@gmail.com:xablau11

oayala@oscarayala.es:Hugo@2020

SeifLeVrais@gmail.com:21062005

rashawnthompson142@gmail.com:Password17

hanndal334@gmail.com:hanndal34

jocimarjsc:Thous@nds1234

brian.j.kidd@icloud.com:vaughan1

mamousse15@gmail.com:15091996

hgdatsh12@gmail.com:TriloOnKraK12

lgm:92Sutam@Ocal64

andrzej.underlich@wp.pl:uch1100261

rexamin6@gmail.com:mokhliss123

Kazuma:KAZUMA1982005

Blood77720@gmail.com:Maxence77720

ikosmooh2@gmail.com:mascara10

Spotify:6chi3EZW

daniel.bertean1@gmail.com:Pula12345

ertybass:nrvsax0305

opreamiguel22@gmail.com:MemeRo22

senurakaweesha@gmail.com:Kaweesha27007

beratcanboz17@gmail.com:159357wBerat

rivas131721zulay@gmail.com:emilioantonio17

[UNKNOWN]:wrongpass123

mdabdulamin1:amin0171

anujarvindsonawane14@gmail.com:anuj2014

aliriza1313@gmail.com:1121231234Ali

ashraf0189@gmail.com:Hoss@378in

deltaprime1000@gmail.com:DELTAprime1000

bbot91871@gmail.com:jo345678

jungiq@naver.com:292513tyvld

www.okalaproduction@gmail.com:y7-2_aK7-due&X

cistenie.ozonom:Fabia2

unknown:bIMMERK1203

sturrath:saddamhussein10

andrieli.m31:236698

andrewacuyado@gmail.com:pussywet

UNKNOWN:patata.com

pereyramegumi2@gmail.com:Hola.1234

Ahmed2003diwan@Gmail.com:lufDetepeev3

jonathan.miranda.ramon@gmail.com:78978912l

MR:BLACK

raymangh3@Gmail.com:457611yaseen

oemartell@gmail.com:PlayaValeriaDelMar

omarbinhajji2016@gmail.com:omar2016

LxW7xS4g.pgVT:p

amitaknkpt@gmail.com:Amit21@ind

edervaughn:Yassine2005

coolmootje223:Coolmootje223

inmargarcia2040@gmail.com:Inmar2000

umermirza0789@gmail.com:1221UMII

ahid1107@naver.com:gkawngus7068

20051727@kiit.ac.in:zhimomi12345

hinuha@4alphapro.com:Alberto100

rodrospitt:komekaka

blz534757@gmail.com:thattwigsguy

mogo66644@gmail.com:78315MGMspotify

claudiu.grabovschi@gmail.com:dinamO1979

monikabobybakshi@gmail.com:tmkoc@5005

maccdonaldterrry@gmail.com:Z1t7GsF

jessidijkhof@gmail.com:Volleybal2314

herbiji2101@gmail.com:ahmet4545

ranoughaniii@gmail.com:ieShox8tei

z2.mariomaker2@outlook.com:dfghsdfgsgsg

mitchardisboss@gmail.com:Mitchard123

UNKNOWN:NebojsA2009

tabithalaushman@gmail.com:tulip1010

aminoapss12@gmail.com:Yuichiro12

UNKNOWN:Lucky@2018

lucasantoniobordin3@outlook.com:1246983487

hasancan112634:9020108352

fenixpontes@outlook.com:jWQ%pZ$s8+UTJ=C

[UNKNOWN]:S3X52k?bQXyk_2h

lukemcklein@gmail.com:mEmEntomorino01spOt!i!fy

rivu_maxed:channex393

samuel.montoya.fernandez0204@gmail.com:fT9#z$8t#XU2ZXh

pedrolamaravilla382@gmail.com:pedrolamaravilla

alookeveni57@gmail.com:vedoKonj.1

oebertu_m238g@deypo.com:cortez123

Qwr-yuEy3:UcuFm

carloncho0:mazda888

luci.nextproduction@gmail.com:Marsmars1

milkchuus@gmail.com:simone2406

seabow1@yahoo.com:seahawk22

noiseless_tv:.b,yaJ(4DcHAuB

djdruvking@gmail.com:raphaguto123

josecerrud10@hotmail.com:eshoradexdxdxd

therealhitler:willow75

sui7ta@gmail.com:amiriscool2121

nicolofurlani@gmail.com:Nicolo.04

cidesfabi@gmail.com:fabika10

admin@evolustic.com:Evolusticdotcom22spotyyaya

sahandkata5@gmail.com:veemon55

axius:erased16

eric@portaldaimob.com.br:mayo1981

gabrielgct122:3224praia

mitsuki.oficial560@gmail.com:chocolatediamantitoarriba7u7

TOMATESAGGURKA@GMAIL.COM:aaaaaaaaaaa

lucasaugusto10396@gmail.com:Lukinha1046

25696danang@gmail.com:rrpkbpnop

eddiedonnelly671@gmail.com:eddie0301

2601juniorpales2@gmail.com:Minimavis.22

xtark1000@gmail.com:XTARK123

nshadow139@gmail.com:mr.oo701

baejoo95@gmail.com:iLoVeHyUnA366995

majestikeventos2017@gmail.com:majestik0616

pozo2016:markito

raidenshogun859@gmail.com:hotfritzy

esmertuncer716@gmail.com:tuncerbaba

robertplaval@gmail.com:robinek2008

sawabega@ahk.jp:satosi1942

UNKNOWN:aabb+-123

Fechimarcel:Isabombom1

gaitanjuan1877@gmaill.com:x6W#SYD#9Sn48R

prototype068@gmail.com:jiji77777

[UNKNOWN]:Emanue05!hm

mariogtaonly@gmail.com:efwfwefw

xrtlol@gmail.com:klipzh1z1

yepitsmecody:glassjaw1

cris.leao.r@gmail.com:batatafrita

docona03@gmail.com:CheKevin&Aerin215

LScariano:qaz1309

Julianhenseler:Julian2007h

damionits@gmail.com:Damion05

whyhydrogen:84zaydstreet

pobres2025@gmail.com:[UNKNOWN

abrahamnovice_5@hotmail.com:abraham55

mihaly.szekretar@gmail.com:Seg@fred0

peerapas4567@gmail.com:0955210144pee

mindenes1000000:anyÃÂÃâÃÂÃÅ½dpicsÃÂÃâÃÂÃÅ½lyÃÂÃâÃÂÃÅ½t

[UNKNOWN]:D@rk100300

diofa199@gmail.com:Sfaruksha789

lucasdfdfgfgfdgf@gmail.com:lucasmatoS1106

henpothier:Iz@belle21

koldoart@hotmail.com:1424pamplona

luisperez3726@gmail.com:Abuela3726

deborahtrimble44@gmail.com:#aq36iCsZSWiB)3

rorohouse694@gmail.com:yessir2029

dionisi0:ystan1911

ejbamssuka@gmail.com:Mindaugas

sammslaw:Nicholas1

superslyry:Thomasr911

josephbryant2460@gmail.com:Wallfive1

hamidreza.karimimusic:GwRY3qifQWr$44Y

malinaikaja:malina7670

shao_xuan2:Qwerty12345

joshuahosss@gmail.com:ho080117

sfelton1029@gmail.com:Aiko1234

jonasmartinez101:2M-CRCdXKug-KBj

miftakhululum909@gmail.com:miftah909

tejash:Naitik7

enyerbg14@gmail.com:_4yc2G

serwis:sevenblacku47

nic0c:gibsones345

nmtruong6112009@gmail.com:Z5jZSNh.H8WqqH7

otaviow750@gmail.com:Owrv2001

ensantiago80@outlook.com:Mateojuarez2018

hamh26165@gmail.com:ham336337

joneno@ymail.com:Florida1

beya51826@gmail.com:313142425353

eliott.vdtorren:Pistou123

kokazmusic@gmail.com:kokazmatt4810

z4pheX@gmail.com:12212112

artelivrebrasil@bol.com.br:Artelivrebrasil24

easybone68@gmail.com:kamogelo

edwardtabaculde@gmail.com:Bc7x9q4h

instruktora12:x7203085z

Stormwitch1971@seznam.cz:Miluska1966

minhsmilie:smile870118

ramilhr438@gmail.com:ramilhasanov0

pedroluucademoraescorrent@gmail.com:K%LggC7g/&KgiFy

arthus.dias@gmail.com:tutut92

nickween:Akatsuki989

g.latrachtorres@liceobdl.cl:gxminato123

gorrabmedali:551111

dinhkhoi.6720@gmail.com:Apollo6720

jamesbilason22:compl3x$22

mahmudurrahmantusher5:tusher180

gabrieleaster:Linzi0918

brosuckmynuts:LBozo321

tony.huu66:penhj81224

dfskfhbna@gmail.com:bartek15

mertemirtr@gmail.com:mert2007

spotify:221114Nyh

aboalharbi89@gmail.com:abood8966

gogoignatov@mail.bg:Gogo190907

sega39894@gmail.com:10.11.12

adupont28@yahoo.com:mason2014

darkfr1973@gmail.com:xp8eX6i7wgnvGf_

datn93788@gmail.com:Mochicool2

bougdenny:swag2324

thisissamlee2006@gmail.com:132456tsam

giryt705@gmail.com:MkaPka321

[UNKNOWN]:[UNKNOWN

senurabuthmin@gmail.com:Imbusiness12

branislav.kozej@gmail.com:SonyXperiaF8331

tgurauskas15@gmail.com:Loxyras123

melirubilar2014:Orion221194

randysmith2089@gmail.com:Klandestino1

ilkayvalo3162@gmail.com:ilkay0537

Minime103@outlook.com:jiminislovely13

fratolicco@gmail.com:Giangiuchino12

rptor18@gmail.com:8163295a2895A

william.dias50@gmail.com:bomblog56go

isidoroalencasterdj@hotmail.com:turbodj4

ventasfranacor@gmail.com:moremo729

mrroalofficial@gmail.com:Sp0/y8f4T12rf3

iaz2suo73sel1ji2tl22ewka5:shinra21_

GPQb&2pgxf<Ku:i

doduone@gmail.com:anidebi1212

jeyev14588@isecv.com:giveaway

danieusk31@gmail.com:d4n13l11

kubastaszakmm@gmail.com:haslo123haslo123

shaina_santiago2407@yahoo.com:shiningstar24

vtrknrd:vhk231104

pecoko3828@bustayes.com:Hahkjcrg80

jindragamescz@gmail.com:SuperSteam2014

radiopartizan.bg@gmail.com:@Rasta1234567

zavemijoey@gmail.com:PaxtonDane0526

nulwin8@gmail.com:cynthiahsumon

haedonmh20111@gmail.com:Haedon0121

sabandemir064@icloud.com:10773074436saban

ruffodc79@gmail.com:adrianruffo

ms1mwt17@gmail.com:Diosmeamaxd123

epspammer99@gmail.com:ganakaramuwa99

fingermaniya@gmail.com:emils100

souravshetty1@gmail.com:G$$3Jz4RKHRVBw8

C:Fcordgz2122

jordanlive1234567@gmail.com:SummerVibez123

himaayman736@yahoo.com:01154099001

swankjacob25@gmail.com:YoDood123

pezzimentit@gmail.com:Pezzimenti22334455

UNKNOWN:Indihome321

bolivarpluas5@gmail.com:BOLIVARPLUASCANDELARIO

erick77040@gmail.com:8097781423

info@girginsigorta.com:11115555

possibledozen.1761:+!-zHX5!hsAww*e

kermopoiss:Kermopiili12

juandiegomorejon1811@gmail.com:soloporhoy1811

artevision02:325ejch29

gustavo.viacava:blackhawk1957

gasmar_29@hotmail.com:Gasval1512

cristisnoferreiraof@gmail.com:Cpereiraf2007

sergiodanielmoreno212@gmail.com:lautarodaniel

charlebraulol@gmail.com:eaemanlol

erialti@gmail.com:ferdows

maloperab@unadvirtual.edu.co:manuelsandra14

edwingrutas@gmail.com:1234567890

tiagorcjacinto@gmeil.com:12354678

krezerean@gmail.com:Aarav2006

marciukaitis.motiejus@gmail.com:Motiejus17

alijiad2001@gmail.com:Aj243388766

unknown:sebasuwu

saulrodriguezv@gmail.com:panda1976vsaul

rrojasa@ut.edu.co:Gaby1902

safouanelkhammari2003@gmail.com:Mohammed@12

giandaguro.ph:GANITANOdaguro05

tahmeedtariq20@gmail.com:Bdnt2024

ohyaahkev@gmail.com:kevin3325

benjamin456123:benji222

www.abutt5656@gmail.com:abdullahop98905656123

matyas.bordac63@gmail.com:jirka1983bordac

lourival.b.f@hotmail.com:Bzz99535889

ottavanota.srls@gmail.com:M&TStore2014

asare96:bediako4

agustin:v

nguysnanhkhoa2009@gmail.com:5KiSYvEaT*j)!-F

danynet66@gmail.com:betoben10

lilfaffabluebandana@gmail.com:codice123

unconqueredtribe@hotmail.com:ideapad330s

[UNKNOWN]:mohaata791

nicolaseche@outlook.com:Samuelito

wladimiro.salerno@gmail.com:Wladi1986

lucianobettiga19@gmail.com:Lasheras2237

phdrombai:pproleon14

lindacasillas62@gmail.com:guadmibe62

sigalnoviliooficial@gmail.com:amordedios123

N/A:Fb,1907

luisduarte.pyc@gmail.com:engineer1395

eltzejohann@gmail.com:JoFer(1507

Spotify:Obrarte2025

clientevipcel2017@gmail.com:85269363

victor.renaud03@gmail.com:Dournazac128

seltonf99@gmail.com:massacration456

hloakrm@gmail.com:ashraf21

yezieepro600@gmail.com:Diosesbueno122

panasplus5@gmail.com:entrepanas10

UNKNOWN:ponu0820

himow94123@cnxcoin.com:olmazolmaz7613

mrguyiscool771@gmail.com:redheadsarehot123

pgmr8jlokkg0c3vupwnqp9ke4:reydante09

anataliciocezario:08liocal

jroberto.castaneda@gmail.com:Mauad123

UNKNOWN:789789000000

afshanafu0:Afshanafu123

08:2004

mijuus04:mdiaz457

noah.hole.privat@gmail.com:noahfrida

awanayaan08@gmail.com:8Nw!jnuT,2f7FE6

sanyt228@gmail.com:13012010

oscarbonilla848:Bonilla1023

bintarasputra@gmail.com:reserse420

itachi_uchiha4088@outlook.com:401132401132a

ianvarela267@gmail.com:PF.j5YEFpK!-kQH

slashking56740@gmail.com:Riox2010_011kage

jerrycamberos13@gmail.com:jerry/290591

tach:Welcome1

inmaherves@gmail.com:cl4v3d3s0l

jfhdujghdsugudshfu1@gmail.com:vader2099

ignacioperku@gmail.com:Ignacio28

unknown:gabrielaeunike

JZRm-h-Xhd:9hSF

e_hdz_rios:Emmanuel1995

jjsa25@hotmail.com:spotify2023

kopam1587@gmail.com:talha1905

pqnswebserie@gmail.com:JyD030717

eagemano13@hotmail.com:junior**22

[UNKNOWN]:JANCARLOS

zemanoff@icloud.com:spI4mq_-gV78frU

simonsevenDK@hotmail.it:Airsms-2020

paltorp@gmail.com:StuWetPa25

creativecland@gmail.com:cvjrp89nm

melvin4.henning1000@web.de:Fensterbank361

halilcanozturk778:01HJemKK99

parmarsaurabh229@gmail.com:Djsaurabh

info@hobby-woodworker.de:Cmg1379_

dincenes95@gmail.com:ahmet2121

ac894@comcast.net:r4nqAjI9

njahnemwaura@gmail.com:sDrQC!Qmw35gz-N

bryfire99@gmail.com:forevercrema

UNKNOWN:sHAwbU8w56w563x

rafa2808:americacampeon10

pateljaiminr.123@gmail.com:Jaimin2212

Crozner:pasteldemani1

meitsnew0@gmail.com:123mudkips

slazerfis:Coolspidey123

oliverjeeves001@gmail.com:.f5gChwh7yDmmvD

[UNKNOWN]:Palma.1997

liamryan44:Liamryan88

almomani.mohammed@gmail.com:QV6RhnruwDfG?H

gabibati@mail.com:conamorsepaga

moestofa.hanusa@gmail.com:alita2020

fabinha_furquim@hotmail.com:05thebest01

tomassilvawer@gmail.com:81110958Pe

coolsqueleton94@gmail.com:elgranpapyrus

lopezmanuelezm4332@gmail.com:manuellopez443

miguelbay876@gmail.com:miguelbay7

angelogroz@hotmail.com:920821ax

daotuongkhoa2009:khoa22092000

dsc:francois456

yassirerrakkass22@gmail.com:Rqtm4844

kormendybalu@gmail.com:BALUAKIRALY2010

niezadziernypl2000@wp.pl:mateuszbarski2004

nnmmusic28:Faszkalap21

boughanem.youssef57@gmail.com:ayal7ob2023

micompu6666@gmail.com:a1332527

toto:toto25fede

:derechopenal31

bishopsai89:tyler890

reece-logan@hotmail.com:@i)aRfhh7SrJw6

mardonovbob:JFe-iQP-isb-f9Z

pkmgwvhkmwuewdpjax@bvhrs.com:sidhu1957

mgdiedericks01@gmail.com:marthinusdied

adityaraj66001@gmail.com:3teq7m5e95

oussama.sabri2799@gmail.com:brolin270589

salsabilafirdham@gmail.com:ketintangwiyata

yhaalemmy25@gmail.com:womaametw3

thiago80830512@outlook.com:seiji80830512

LEIJI_M4STER:[UNKNOWN

dora.and.bajji@gmail.com:skyblock

Luca.Niklas.Moehre@gmail.com:Luca2006

broyeet2020@yeet.com:oasx2020

nugrohoaryaa@gmail.com:Elsa1999

s.hautemo@gmail.com:shiboy1992

uksen97:martho97

shouya150808@yahoo.co.jp:shoya1588

ZooRagNak@gmail.com:Kbenedek2021

gabriel.blus.mblus@gmail.com:?E-9Em!Ay89yP!d

markosusak555:Marko.555S

wouwouhomer@gmail.com:wouwouhomer

s.g.gt@hotmail.com:S1a2a3d4

rodriguezfabian1008@icloud.com:Fabian84268

tarounrainbow@gmail.com:Bow2021

ppsolution7@gmail.com:aaxx2000

gomesguaruja:BoaSorte2018

Zb:6-u!Q6p6@XzZ

oozev2@gmail.com:Th98#spotify

thomas_schmidhammer:schmifri

alexxavetelos2@gmail.com:kleftokotas07

kibitilethu@gmail.com:Lethulethu17

broiamthatguypal@gmail.com:YOITSJAY

axxtonndaniel@gmail.com:eztokfag

tvratingenlive@gmail.com:Hamster99,1

nlol5660iq:XFLU)$vBZst27i6

fvenkoff@hotmail.com:Bl@ckd3ll

midotamer067@gmail.com:0100447mmht

justmostafa@outlook.com:Palababa31

bear.teddy.0817:teddyzhao0817

tbui71747@gmail.com:titvt1234

selimriza999:selim900

kaye.hernandez23@gmail.com:022399KAYE

pianorata.1@gmail.com:LOVETPRN

deviglandlapur@mail.com:TBBPge9CYf

isvara.official@gmail.com:Isvara2021

stum21010611@gmail.com:moe21010611

RandyK.FDJRandy@gmail.com:ilmwias

katielov908@gmail.com:posay908

tmhmd.mhmd41v@1ki.co:ggffrdas

cristianbasilio63@gmail.com:4fVH7CJDtD_yxkH

UNKNOWN:26225826

cpjinfo60@gmail.com:@#%wmj-6360

emmabragg246@gmail.com:EmmaBragg1

:magyleia2021

taishawn.tracey001@gmail.com:Generalt

ryanrazactravail@gmail.com:Ryan0511

Ummugul8686@gmail.com:001989

e.eliakiim97:galaxy13

High_Trauma_Official@outlook.com:Hatton12

chris.west514:xristosfilippou1995

hjohnypedram@gmail.com:phj1994spotify

syafam459@gmail.com:syafamarwah

karasedatpro@gmail.com:Seninanan2511

mextoxrex@gmail.com:1104666076

hpmluistavi09@hotmail.com:111111

jasminaugust05@gmail.com:JA4mCr3W55

martyaudiolx@gmail.com:rolandspx990

omerbatuhanbatuhan@gmail.com:1A2vXb78t

bksocool10:urcoolkid

ohornas2@ucvvirtual.edu.pe:24101995

swagpenguin281:thangnhodragon

bootymuncher077:Eeeeeeee121

kpokemon072:Aidilazrie123

arrebol6014@gmail.com:regalo76

juan_venturah@hotmail.com:marlins2133

pbotti1@gmail.com:DOGqhouse

[UNKNOWN]:23011967

UNKNOWN:8681632487632487

rajithmanesha020@gmail.com:rajith20

ayanr:monkton

bereneben:.6k6y4fff/7=VK7

kamarihoward258@gmail.com:Kamari617

daycris_fer93@hotmail.com:123412801274

projoel800@gmail.com:projoel223

gustavo@travassos.net:Gust@v08MT

31hywqiynzrvfyovrgooaaubvdr4:#Neymarno1

zombiebait101:Shannow08

thankyousomochii@gmail.com:ScoobyBuddy98

reymcofficialchannelita@gmail.com:Po$$uoli98

roshinivijay1504@gmail.com:x.bZK5VBZ5.$kpa

yotave7059@tmednews.com:iZ990011

anouar-cheurfa:Anouar##1997

aarfofox:portugal93

hinojono:a12-5548857

silviarenateco@gmail.com:estilo56

missfurry93@gmail.com:furry@2015

u.k.3112@hotmail.com:ugurkutlu123

matias.carl@nrys.ph.education:leo1214leo

bdiegohibrahim@gmail.com:AriMaviDemi88

djniel.vera@hotmail.com:2020.vera

Paksp22@gmail.com:Taetaebestboy

yekkurt:s1Km3l1

mastrkwmasterko@gmail.com:s1_Youseff

willytrueba:Musica!23

fashionfreedomnu@gmail.com:Ender900

josep.linde@gmail.com:46727464c

taghrul09@gmail.com:tagitatta

krugoslanstyle37@gmail.com:ahmeteren1

hnyhkjtjr@outlook.com:Joaquin08

gabrielss141006:lolplayxd14

UNKNOWN:8CKF8hcJtiydCpm

namanj786@gmail.com:spotifypassword

minecraftgamer2290@gmail.com:86330Nls

11/2028:839

mikemuresanlutrania:Cadae926535

sakzaz@gmail.com:p1534534

ITZAILEEN90@gmail.com:ailee2302

emily.hebert@bbox.fr:pamfainformatica90

pwayafai@gmail.com:16101990

juliomonthana66:050034300

alex.clipper:Cvd46wgjq~?#A72

andreaspietzik1@gmail.com:NULL

andreasdanny83@gmail.com:qwerty213

badre00badre00@gmail.com:194627380

gabrielvieiramelo1@gmail.com:alison253614

hja.jaachraf@gmail.com:achraf2023

UNKNOWN:19vero51

khduy1136@gmail.com:Duy11032006

dsfsfsfsfdsfsfsfds:1903furkan

pedroseabraof21@gmail.com:pedro2020

ashish004448@gmail.com:nahmahstay@123

31zmfu67hewsvfn5mv6vuv37efwe:mIrI@0557942931

alexdias09042001@gmail.com:91329161

alisaberattia90@gmail.com:20619901260

VictorAlm3ida5:D=VE~yN9X?Tpe%Y

mullookoushal2006@gmail.com:koushal22

takudzwanashejinya:2kYLaa.jQDk35Sb

travisjnelson31@gmail.com:hanzala@123

UNKNOWN:Davidelbonis321

santixdd280@gmail.com:antofa2011

raeescassim36@gmail.com:cassim786

tmvuc0o9@duck.com:Yq!vx^ThvB7Hm

mwlrcajg3wbpnbxduqvird6nz:Oktober14

pallavbiswas@hotmail.com:Sufal@1967

dharasingh@myself.com:Dhara1234

med93606@outlook.com:hachek19202000

hunnitxans@gmail.com:!longlivedurance

iranzuper@gmail.com:iranzuperez96

axnsph5544:Papero08

jrosiearaujo8080@icloud.com:Ceara1988duda

family_premium1234@gmail.com:family_premium1234@gmail.com

alvincetin72:ceta1233C

Bi11yconnors@hotmail.com:Billy2010

nbcrafter2020:T1234567b

ludvigvulkan@gmail.com:kkgnet48

audy23awal@gmail.com:awaludin23

167239714:167239714a

sapiens.musf@gmail.com:Ulisses12

gta5radim@gmail.com:radimekusman123

CarlaCe25:imadaby12

superxonnek:simongg133

W:jnvtGSJkesA_7

santiart1233:215355

flamurselmani2006@gmail.com:Mulimuli9

ngemis@gmail.com:9yh!gQeBhqBZ4_h

smchxbox1@gmail.com:3612131052

danielpirv@yahoo.com:Mihai1205

steeveenbalbuena:RVkG!G6V!buKbwP

UNKNOWN:385512cis

lg0713446@gmail.com:felipegomes11

amin1382.amin2016@gmail.com:Amin82amin

a7qvjn0twwo02vxp0y6pbszxb:manOb@n@m3t

thaianhdzsieucap133@gmail.com:thaianhdeptrai123

UNKNOWN:Tak122b

sandy-yu@hotmail.com:lucas2112

vhalmiron@gmail.com:Mudar12345

wendelbriones25@gmail.com:obe200700

allanssilva947@gmail.com:allan1227sillvagk

21fkvavf36opnq3afxfdrj3ly:sher010597

jlong8328@gmail.com:Schlong1

libali2865@upshopt.com:organizadinho123

juanvillalobos83@gmail.com:zJuqyH-L4Ftg6E

UNKNOWN:shadman123

muserw.akaya@gmail.com:muserw.akkaya4518

marsofi88@gmail.com:MiluNiciyMia18

cleide2017alves@gmail.com:t6_k2?gh

adweta.ojha1999@gmail.com:spotifypassword

tst69:Domxberlin

lolheinsq@gmail.com:louis1909

danielpetric34@yahoo.com:Istina12

njebmohmmed:mo53hh_1021953

nicolasvaldiviasalazar@gmail.com:ANGEL123

martin@onlineauctiontrader.com:anameshana

UNKNOWN:Marky12spotify

alrem.ps4@gmail.com:ALEX

CraigMcSniffle@gmail.com:R1A9c8k5Et

jcmouriz@gmail.com:$Glass12

nanakwamegbadago@gmail.com:2004

Silva:natalia2015

official.dkbusiness26@gmail.com:10Suppress1

kumsal5925@gmail.com:samet4samet4

reacrategaming@gmail.com:windstrong89

ahmedalmsry837@yahoo.com:Mmkhalil2004

maroquinha2003@hotmail.com:sakura26

alissonpires2021@gmail.com:alisson2k23

soriaboy:Boroughs1

boca1975:manzana

nouri.simoh1974@gmail.com:26121974

gpe131638:gte131638

rdjerbi1:Abcd5042

Faivre.Jordan17:Esaie0504

Urosh7:uroshpfc77

marcebrown@talktalk.net:Joshb1112

achavalp@gmail.com:boricua1

UNKNOWN:Coco0111

mijehib503@unbiex.com:p438zpWJ2HNjTwq

1103675596@qq.com:pQ*9C-buc!jpZNf

telenew47:kamalkamal

UNKNOWN:Gabrielgb$123

shivaratri149@gmail.com:9985519923

philip.sa21@web.de:erwinlieb8

UNKNOWN:Tiaguinhoi92019

UNKNOWN:192837465Hp

moharimara1@gmail.com:Bloodline786

Dwiputra:Riko1971

romeo.marin98@gmail.com:spotify2003

udinzha508@gmail.com:sampit2023

unknown:63795953dana

zakiqlf2007@gmail.com:zAZAZIZI

discordfortniteaaa:aa19052107

alevenso10@gmail.com:i23zy37aeqL.UxN

[UNKNOWN]:CoffeBean22

sajjadtak0@gmail.com:Ss07703991942

marcoskarstark@outlook.com:messi10

iman.ab1311:ab12345

lamelany.desiree@gmail.com:melita1012

hey23@hey.com:@jen84601

Sawliredha206@gmail.com:Akram2017

keydroop@o2.pl:kebabkebab

rgallardo.solsona@gmail.com:Scrabble_1975

newthegrefglol@gmail.com:ladinolol08

hyprox098@gmail.com:#808VYPU22hh

ducrej1@gmail.com:Jalyn1980

diancinema4@gmail.com:amuksin754

www.tyreselarenz05@gmail.com:F6YYNxemGe_8Af9

jaylenbrennan@icloud.com:jayl3njac3

ismailkaansahin6@gmail.com:kaan6161

psed1114@gmail.com:madara1114

praveenjaiswal105@gmail.com:11082002aug

syc83400@zslsz.com:09540954

energumenx@gmail.com:avionsisternadr1

pirdevalte@enayu.com:112321CHATO

buddhiswardas48151@gmail.com:Akash@12

mohmed300yahoo.com@gmail.com:a2002A2002

niwegak976@tawtar.com:m.3cDnyx$P!=PyC

kennypaddy38:vR6-F9e-WtDm#*S

saurabbafana8@fmail.com:Saurab88

senafoggia@gmail.com:puglia23

malina636:malina636

juliendavin05@gmail.com:demonmarouf0897

:andysuarezjaja098

shakyapankaj363@gmail.com:Pankaj@97111

kenyonbfattle@icloud.com:kweisi12

paul.erik.dittmann@gmail.com:pauLErIkDitTmann

hibot102222@gmail.com:oct221994

panchomuletas9080:marioayala69MX

halilibrahim110718@gmail.com:iqX7B3DBvZ@8YHY

jomu28805@gmail.com:chvop00113

hugo.kant01@gmail.com:PENNU12i

UNKNOWN:1020camus494

captaincorin:CaptainStuart@46869149

simioliangelo5:Zainoblu09

valentinoaragon1909@gmail.com:valen1909

gabriel.1798252.id:awdrgyjig

danielmartinezjavegadmj@gmail.com:daniel6spotify

magicrosy19@gmail.com:Irfxn1907

jmmvjr:Snake20011_

nbqbio:iddqdIDKFA11

vespadaddy:gixxer70

ayberkbilgin59@gmail.com:ayberkbilgin1

kalyankarsatish.sit.comp@gmail.com:Pass@1234

shipaleimmanuel34@gmail.com:Shipale4035

angelreyeshdez23@gmail.com:Angelreye$233._

gburns020502@gmail.com:many3716

victorbaiau11@gmail.com:felipe30

marisoloyuela27@gmail.com:B,6WxKnRc8@&7u2

sebastianescibio1@gmail.com:f.b.i.119

mel.lettering206@gmail.com:MAXmilo5206

steveeeerxd@gmail.com:42042069e

gaiROUke08@gmail.com:keyboarpamore

UNKNOWN:13122005andrelucas

celiathebunny23@gmail.com:shyguy88775

susana3338@gmail.com:masomo123

cristianric2009@gmail.com:Cristian_2009

polhumer:55330817

asd1qcipg@gmail.com:pikwqp5tzz

sounakpal23@gmail.com:Lionelmessi10

elisua.leonn1999:Elisua15leon

dempniaks8@gmail.com:PI0trek0823

raponfaya:paraiso41

yoyo.buber@gmail.com:aJFIrqbc8407

hakanyilmazkar03:234efe234

fehalon853:nacional10

wes65saj@icloud.com:Gunner2016

budimanarman001@gmail.com:sandisandi123

lnwawudu@yahoo.com:kikstar123

farelasfaj@gmail.com:miawaug26

UNKNOWN:iU3b#qJDd9x3NGp

scag95@gmail.com:albper51

sounddanigtar@gmail.com:Guitarra05

steveonbass@comcast.net:pr1Q2elO

angeluri130:57922673

arthurvslopes@hotmail.com:vl125863

angelll444@gmail.com:angelsagitario1219

byprogamer1988@gmail.com:juandavi1209

[UNKNOWN]:mohamed1308556

larsmellkowski@gmx.de:coretrauma123

cathalasebatienn@gmail.com:pdwcopo123

mosxas@gmail.com:marinas24

nelsonbautista@free.fr:nelson80

marinagarciaizquierdollamas@gmail.com:Franzap25

UNKNOWN:33868341

calebayerakwa100@gmail.com:5$Mi8Ly*ZyT6Y

UNKNOWN:teodulfouribe

:gimnazija32

qiubai1004@gmail.com:barna.0918

tweenn007@gmail.com:CoinMaker2

wjtbeysxgbsi@cutradition.com:OmarismailZ

d.dammylarry@gmail.com:damilareoye1

huguismv:72612483hugo

rifimed@gmail.com:66156615

jmarcosnribeiro@gmail.com:grilos4152

alexanderonyango22@gmail.com:aonyango@2020

cesarbianchi:Emilio00

mgerardosf:24122411

UNKNOWN:!(*(ruchira03

Hamzaabou26@hotmail.com:Helalaboys2007

scottwatkins2005:Poprocks10000

aldodervishi86@gmail.com:aldo1986

eliperes@gmail.com:080701Evasp

unknown:kveis3ad

henrykczajkowski@yahoo.com:Albatros81

jfisher99@mailfence.com:[UNKNOWNorV70

gbookwhy@gmail.com:dean4649

mysetweb:diabolik1987

nate-26012022@outlook.com:PWkET,J3!z?6Y3q

mygraphicsspot:31793179mM

UNKNOWN:Supremo775

alisaber190ly@gmail.com:20619901260

shahvaizali987@gmail.com:Shahvaizali24l

laderavindraswamy@gmail.com:16VV1a0425

inferrbubbles7526:rohan228

ivonnypatino@hotmail.es:Juand2011

wjayz123@gmail.com:Psychocrew_123

eborowski@hotmail.de:!SommerWinter2010

PParapio:1997

pedroisaacventuraa@gmail.com:venturaa12301306

kg.mobile.studio@gmail.com:Kwgs1spotify

dashoxford0@gmail.com:dakshsharma201075

raffasya.z.h.a@gmail.com:Raffa@1234

muteixeira2009@gmail.com:mu2009rilo

beratxbax@gmail.com:$7EP4TqtFkuLN7

kxbrall@gmail.com:Luiz12345

kevinmoreira106@gmail.com:advogado@123

yjqiydedxzwr@bugfoo.com:!Q2w3e4r5t6y

cagatis@ieasymail.net:1742dressler

bzyall:121208aodh

jfeliz@albany.edu:20011972

ajinaldopereira7@gmail.com:gTfafjUP6U+mL63

vinicius@selektor.com.br:vfns140898

iamjusttrying@gmail.com:0249895749

:andrea162

dahiyavarun2007@gmail.com:Varun121#121

santosrenzsteven7@gmail.com:Steven022310

donaldclist:donaldclist

natandhcell:natan131220

jarredprnzruiz@gmail.com:pamelajane

366a10721309@unidadesbasicasupaep.edu.mx:Yosoyrepro

21.nikay.2003@gmail.com:Portugal21203

abigailvlg114@gmail.com:jangankepodeh

arahinpodcast@gmail.com:Arahincast_533

thaiduc23092009@gmail.com:NULL

joedemil9795@gmail.com:maycasoct1234

vspagent1@gmail.com:Fnaik123

marazmahbubsadhin2@gmail.com:Mr.frihet

220032456@aluno.unig.edu.br:98141664Im

unknown:mayank@08032012

lab_j:yetyet64

:a8AR/2+kLqfT5f

anasoalaa@outlook.com:@@@@1111

UNKNOWN:K1a1r1a1n1

marquitoslc:passgeneral

pedrothecomposerxd@gmail.com:pedrothecomposer

amirahliyana99@yahoo.com:btslover99

asnmko@mozej.com:n01067918758

maxhogansunny:Maxmax123

torrelja23@gmail.com:nakita12

batata7rc:Correia1961

Crakdone@gmail.com:jViuyGtVTG.5aDN

red30666@hotmail.com:74XBFord

23KIKS:HMXMAN54635978626

andriukaitisdziugas852@gmail.com:Murkalas1235

icarus83@hotmail.com:family67

hylo.kh72@gmail.com:kenan727214

carlosjunior.coelho2002@gmail.com:ELYZANGELA

findfinger@outlook.cz:grafozel@71

josefrjoseomchannelview@gmail.com:babyboys05

oleklewy831@gmail.com:Ollotrollo

eys@hudsjung.baby:eys@hudsjung.baby

oukaas2k@outlook.com:paocaseiro2020

amfm040956@yahoo.es:amfm25941388

emilsantiago2378@gmail.com:93yF+F/(yGq?QzQ

bertolajose8@gmail.com:jose2705

21645xlanaqpns7tsf7zxc7ga:TVA11220498

cainetorre4@gmail.com:mamadani12

daniel.lee@student.tdsb.on.ca:RipRipRip

yifatdamti@gmail.com:Nisim22

pm791822@email.com:JV3fhPzwKN26/Rv

luisfilipesoares2000@gmail.com:2020luis

magalahez@gmail.com:lucaelpro

hemriquealbiery:amor20082019

marmaalo:banjo34567

ocean41408@gmail.com:Wkrieger1

kirankumarganta444@gmail.com:kirangk/96

bubalu123@yopmail.com:santi123

[UNKNOWN]:@Mirko2018

fortafisti@nedoz.com:fortafisti

builetom12003400lc@gmail.com:cccccuuuuu

quevedo1092347140@gmail.com:JOHAN1589

radio90.7ariquemes@gmail.com:Radioariquemes

Mello:UNfucked2023

rico55424@gmail.com:EnricoManjc90

aroy4080@gmail.com:Subha@10

rashedminecraftjava@gmail.com:123456Rashed

loggerk917@gmail.com:Ichbinadi123

ricardofsilva:r20091989

RonGSG:Wolverine753698

bastiaanrecker@gmail.com:ROBLOXGUY

renekennis1960@kpnmail.nl:Reneennettie

[UNKNOWN]:220795Mv

rumaspoti@gmail.com:Ruma200713

1336481376@qq.com:hq1319282@qcl

kwatra.singh006@gmail.com:karanpaji006

querido@gmailwe.com:JOHNCRUZ123

vaughnabigale65@hotmail.com:highup7

UNKNOWN:VgdQ%xM4dRt,.Z9

lariandrade231:lariandrade

UNKNOWN:a41628021

kirall238@gmail.com:sebb1934

ataraxius25@gmail.com:ClauMilRodriguez

ericssw1:Erikukeiko1

kareljiricka5@gmail.com:050919kj

mehmetardapektas029@gmail.com:arda1234

er_lokillo:aaronbugatto

chrissi.kleemaier100@gmail.com:Chr3aSy2510

kortellcastiel@gmail.com:mr.cake123

asdasdwasdwasdw@gmail.com:Computadora45

salou.u@mrmail.info:Bibi@96321

velezsliceo6c@gmail.com:775689910

raquelnatividad@alumnado.escolapiossoria.com:rubilla8

vovka1759@gmail.com:Asminog8nog

rdcmusicalproductions@gmail.com:ma160379

kamranyusuf:kami@123

tommy_tuan@rogers.com:imcool17

josemaldonadoboogiefuinaiunaiudniwnad@gmail.com:Babyboys05

keedonmoran-1997:kingofspades9778

zbarriver22:xfiles99

eatizloquana@mail.com:RAnhPo0h1D

my:love

ruanborgessilva1@gmail.com:potranca1

[UNKNOWN]:filip2324@1979

Sam_Quis_Del71@outlook.com:8Tgw3Cm07ao6

diananka39@gmail.com:diananka39

spotify:RaTAPuNK0706

castillosuany0@gmail.com:henrito5

isacmagnata:magnata221442

ail94591oo@gmail.com:alia1234

akonmemo200@gmail.com:Akon1akon

andrewds2001@hotmail.com:Poop12345

luminastv@yopmail.com:perpignan66

androide__@hotmail.es:olvido1235

1325078:PCuello67

melanyloneyman@gmail.com:melanylonbelyumanj

karmx:axelyael1

blacknkoppa@gmail.com:Lekoopa4Lehk5

21tknwrn4gz2viot47pu6vihy:pepe7540

javierlaresortiz@gmail.com:pequebebe2017

hemos21144@getmola.com:Vinicius#1

tapanasus@gmail.com:panjim15282017

origem.mortari@gmail.com:OrigemMrp016

nemcedonemtarde@gmail.com:123456lua

UNKNOWN:Iphone15dealer1050

UNKNOWN:TJpCy9N9TKCBcyem4qZhFh

sanzjuni@gmail.com:vonito23

:bmxzone78

jayr.yadrian@fillnoo.com:jayr.yadrian@fillnoo.com

mcatamer2121@gmail.com:ultrasevda1905

kearva03@hotmail.com:vilma55

bachtiaratmadja36@outlook.com:@tmaja211212OK

sparshyadav.26@gmail.com:iwantpremiumsubscription

81916222018:Pemogan242

vunhatminh2222@gmail.com:minh220208

myatminhtun96@gmail.com:myatmin1996

developertrijal51@gmail.com:trijal_devil

ochunati@gmail.com:amkenyan069100

pulledpoter@gmail.com:ernestsstrikis123

alrc:armin700

UNKNOWN:Ff11032006

matthewgrist39@gmail.com:LifeHackz

zoom69a@gmail.com:Zoom123e

647.414.608-78:paco1947

mwambwamundia7@gmail.com:aVQ-Xm!htuNE-p4

outofkimchi:marvinzarquon9630

eukayno@gmail.com:caifora32732123

kloozer45@gmail.com:Aa1753509

dkforlife123:Stonecold1989

megvvs16@gmail.com:4224gabi

quimicahermanos@gmail.com:allanpoe666

UNKNOWN:azulzaodamassa

tomibasquet04@gmail.com:mierda2014

traceyp@blueyonder.co.uk:Tyler0208

docaphelele@gmail.com:ECWwVJ2!nMLptS4

karabukghsimbasin@gmail.com:1991Emre

shajidhaque86:@unt0r25

antonio9alves:tonymotherfucker1

mr9psplus4@gmail.com:maximo99

ars.production1373@gmail.com:nQP52urrNMuwaUr

glgjt0um8643pryfybk44vnjv:kolli9253

Teste12343@gmail.com:italo123456

van.aguilar:taxvan78

UNKNOWN:Tessa64120

dddavid227@gmail.com:ENDERROCK_33

sagnikpal2000@gmail.com:scamper

:AAaa11

officialuby:FelenouS12

tcollenette71@gmail.com:538351234tombuddy

ntirado@institutjoanoro.cat:eneris38

deborah-mr:kvkr06

iilyassiaich@gmail.com:147258369123

qureshit1234567@gmail.com:YhaveunotseenTHIS@123

osvaldo.mendozaf@my.unitec.edu.mx:Yese0727

vozjohanparedes@hotmail.com:SuperVOj104.7

sahand4tvcs@gmail.com:alinaherz13

mathieu_qc:M4th0918

wqtqhao@gmail.com:J-LJPXGivhRfp6c

cantopopular78rojas@gmail.com:Cantopopular78

nuraidilasyraf39@gmail.com:wearevenom2

akambongamoses@gmail.com:554627730

lean.on60hz:Hege1918

jevapir292@chnlog.com:abdimoha154

s2zeroevelynntwos2@gmail.com:cartoon8

vippromo201@gmail.com:dolilom1

mamalonsuan@outlook.com:Inadaix97

luantiago160@gmail.com:luangamer321

UNKNOWN:Janice_12

abhijitprasad1430:photographer

bmusa281:haidernasir1

Spotify:XxthunderxX1600

fosec15782:3723017ev

thiagoryan112@gmail.com:07ryan07

UNKNOWN:margotmarinaldi

eneskrkr1998:Selamver123

valdezlf23:Jan58103172

mcmegolibya@gmail.com:dawdawNT

lobomestizo@gmail.com:d676340899D

2forzakedi@hotmail.com:2forzakedi

imronaminullahnoVIIA:miawmiaw1000

rigamliu@gmail.com:Jesus@1993

dbmuzuk7@gmail.com:Musicanova

pedritohinojosabarrios@gmail.com:queondagente

trinhnlamcuatoi@gmail.com:07092002

UNKNOWN:Kurthiney12

unico_fredddy:Eduardo153357

muhhametenes2134@gmail.com:aykanenes

gux.caballero@gmail.com:91202981

ibrahimdincoglu@hotmail.com:Jr.Floraz

Carterivan50@gmail.com:IC031305

crazybanana731@gmail.com:newpassword

cwpcreative@gmail.com:Nathan0311

kareszba003@gmail.com:Karcsika2003

nerinorman4@gmail.com:w

spiaggiaotello@gmail.com:mvxvg2f49d

kassianogaretti1335:@fred456

[UNKNOWN]:minhthieu123

mustafa.xd700@gmail.com:Stef98765

costaivonetemarques@gmail.com:2a3b4c5d

kinglilpablo@gmail.com:202691king

paolaejm30@hotmail.com:sisolpaola300

rooneydou51@gmail.com:rooneydou300

lilmulan2@gmail.com:Arianagrande

d20travesias@gmail.com:Travesiasd20

yikesbruh47@gmail.com:danijelgraphics123

joamayeres@hotmail.con:KeineAhnung123

aboodgord@gmail.com:abdoo421605

zahidulislam150399@gmail.com:AyF6GmcX2WBcb3

chouquette51@live.fr:Leschaussettesdel4archiduchesse

523herbaciarz@gmail.com:AerodynamikaSÐ

dfgdasilva1999@outlook.com.br:Miguel@2022

hrjrirj@gmail.com:hrjrirj@gmail.com

kouyoyop@gmail.com:Lefa28.05

samyrai0743@gmail.com:VM3HAMOGUS07

mohammed.elshoura@yahoo.com:L9qYqnzDdJNPmGV

fazilcansizoglu:wd6122cks

hecef13252@officemalaga.com:Qwas123

vanessafscardoso99@outlook.pt:VFSCC22c

alejandrasandsra14@gmail.com:wsffff36

felaray180@gameqo.com:HBOMAX12345

[UNKNOWN]:200122001872

xbozox1612@gamil.com:slade400

brenof0stt@gmail.com:AnaLuiz140608

diazangel0410@gmail.com:Thomasdiaz881004

dopani5930@tashjw.com:hipopotamo0312

UNKNOWN:124697

bakhum2020@gmail.com:0955032431

marchisandrei1224@gmail.com:Andrei123

UNKNOWN:vBaZB85!t2huLNW

bruyninckx.willy@scarlet.be:gabber22

glacialautomaton@gmail.com:mdoc2655

adityashirishniti@gmail.com:53355335

granafina28@gmail.com:assembler

tyaxterew@yahoo.com:#6VG9KY6QaA74QP

firefoxfx12@gmail.com:1234

hasanbhatti2005@gmail.com:IronMan4545

UNKNOWN:nour1969

abdallahbkb19@gmail.com:5centavos

yhaalemmy97@gmail.com:womaametw3

soashahed@gmail.com:spotify$13579

playhotlist@gmail.com:@Carro123

youkiman@yahoo.com:mil1458

pedrocrescencioplsc@outlook.com:plsc34630681

hevarsie@gmail.com:hevar@12

cristiangomes10@outlook.com:maeepai02

marcosvidalabc:Contrasenia1

vinhdeptrai546oo:0941700991aazz

z4cklegal0804@gmail.com:959675192

juniorreyes200414@gmail.com:Hotmail.com142226

sangheonhgim:9%EM.-i)LkFeNqG

joaopedrosouzavida2003@gmail.com:154612joao

poulaemad56@gmail.com:01200852454POULA

pedromcahdp@gmail.com:ts1989

kb.bk.kaan:22953204335k

namemido50@gmail.com:name#7oda

nvfjsdfv@gmail.com:S1234567s

ren1021lol@gmail.com:ren10212525

ekoagustina1819@gmail.com:Ekos1997

kasamasa890@outlook.com.tr:kankasanane890

sushil.gond9297@gmail.com:Refuse2sink

justsenpaihere:Ramisha1

davidlebg@gmx.fr:lolipop23123

kwameinv@gmail.com:KINV162007

otakuncio7u7:ABCDdcb784

alrifairoyale@gmail.com:a12345678

mila.martinez1799@gmail.com:G1slxB1x

clashofclansayed396@gmail.com:bn.VB!x!xS7V3UD

stephenmusa487@gmail.com:1@Qarstar

UNKNOWN:Klicsko111

2004007500200@alunocarioca.rio:c9*kCg83vSU$d!n

virginie.ghys@gmail.com:rj4kx6sj

galista.cafe@gmail.com:galista18

osamahxosamahx292@gmail.com:osamahsui

cesarandresito@hotmail.com:Cesar.1991

jw4509292@gmail.com:111333555111Pro

tunde69:Brucewayne1974

famtijdemany@gmail.com:Minoes2011

treeman8797@gmail.com:Tim&Chevy4ever

wselleto@hotmail.com:a1b2c3d4

zelephy:bl4ckxp1nk

mohammed.f.imran@gmail.com:G00dday@gmail

Akshman.Ganeshkumar2.on.ca:silver12

nguyenthuyhanhsp@gmail.com:hanh1987

billybones.yt@gmail.com:DesesShawn719

12-hpn-2:12-HPN-2

raoufbadek:islemislem

annemiek.vial@gmail.com:Pindakaas

[UNKNOWN]:0112358132

flashlights97@gmail.com:Siddhanth123

tomika22.:Kakarka00

jabus.kruger@gmail.com:Jk920522

kodydubuisson2:kody7390

michouledifenseur:mic0204

caipy.heylen@gmail.com:tibowibo02

powerparadise777@gmail.com:maxo6667446

Zeusindiegames:iHF8AP3x4hrD-ps

spotify.famille06200@gmail.com:Antholucas1

xaxito6625@lagsixtome.com:1234567qwertyu

aaamry@gmail.com:menar556455

huihuihuihamid@gmail.com:Yanis2006

degradegrafica@hotmail.com:banana02

yet1vib1@gmail.com:Ybeth27

cpjinfo60@gmail.com:1960

josephprecious2956:7!Esa-NjYwjAaTU

[UNKNOWN]:aysha1022

rbsummit.hbl@gmail.com:bibi120613

amayjain2511@gmail.com:amayjain

lilmikexl27@gmail.com:173692034803@M

digitalcc200222@yahoo.com:jukaben

toxiczchamberz3:halflife3confirmado

poriopurio@gmail.com:0105255150

houssemferchichi222@gmail.com:esthoussem123

legu1977@gmail.com:19joseba77

b.a.t.e.:contraseÐÂ±adespoty

Linksys03577_5GHz:rraqk2srxr

torent12@gmail.com:w!*<PuUgE7*PCP5

godakepalaite49@gmail.com:maciogoda15900

sofianesadaoui.s@hotmail.com:Kouba191

llanquinfranco99@gmail.com:131602Sol

UNKNOWN:Kevinjared17

keremalli2009@gmail.com:peppMMQ442

pedrogeofrecunha@gmail.com:OSBPGC130409090413

gayashan.perera.gayashan@gmail.com:0715988646@rgj

april.martin@wku.edu:JMAN55555

vifos58503@shackvine.com:mertnisa21

kuchy.12345@gmail.com:pedro12345mtz

[UNKNOWN]:Taxi

Spotyfie:loca1211re

daviladi@live.com:Valen073

rengarazo1996@gmail.com:diosesamor2004

patriciacsilva92@gmail.com:paty104870

:angshuanushka123

eng.karee.shady@gmail.com:santa.2210

lucatrix00@gmail.com:Indiana1

tamrogongladze@gmail.com:yaplamky

shereen.jalo12@gmail.com:rastagabu

israelthrisz@gmail.com:israelvargas

bruno_sda:021821sf

Yasskhudheirsalal@gmail.com:simcard1

RaDz-_xBoSs@outlook.es:fabricod2

randomtaxex123:Portarecet

peggzzz23@gmail.com:Soabmada123

Deathcore83@web.de:2303Sabrina

diditriyadi229@gmail.com:ciranjang324049

eomagaiver@gmail.com:julico123

melissayimga@gmail.com:Meilleur9687

gerardo_1_21@hotmail.com:587412369a

matiasjesusbenitez@gmail.com:Matobeni1305

santiagoleyvacruz53@gmail.com:Dej_B2cZ8_q!JnN

dominik.bronny4@gmail.com:05112008

cupidoelijah2@gmail.com:2348elijah

novemberonetwo3@gmail.com:password123

chemamontoro:Tobeinlove1

lyank1ng.lk7@gmail.com:55526

huseinmuzayenhf@gmail.com:53H@aa.FGaZTn4

stanolukasz7@gmail.com:nVni7DK-wmCEdBB

zhbehbtk@getairmail.com:thequeen88

pablohestefanz:Hanusdawg14

franciscoerlins@gmail.com:novotempo2020

the:pain

rafaelcamachodj@gmail.com:a000000a

p.andre2k01:02050113a

rioivdigital@hotmail.com:siberiano1973

kallistev@gmail.com:nikolakakis

mellisdupuy@outlook.com:Mellicraft

kacper.ziel:Grotasolnaustka09922

:27112010Spotify

asumade703@gmail.com:1CicingBGST

juranildesaraujo10@gmail.com:@Hsucesso

lavymac@gmail.com:jakrta98y

hipatty.82:Hipatty82

Jacob:Jayroc2120

isiahwilds9505@yahoo.com:Agforlife95

Augustas_Oz:enter100

vietanhdj04@gmail.com:vietanhbjnunglon

esomeso123@gmail.com:akipro1409

unknown:efeakkyx14qwertyy

mnlang1996@gmail.cokm:ASH115846

xyrti0011@gmail.com:Vlad0011

stxphen7989@gmail.com:wstephen79892007

UNKNOWN:p5f9d2f9

succesrapla@gmail.com:Full-success93270

ahsenelademir@hotmail.com:Nisa2005

winstonlyvan@gmail.com:TMmig9LuQn.3wNt

26siphomkwananzi@ohlsd.org:skreen91

unknown:sadusiva_07

lazoibrahim511@gmail.com:12e7ec1a

Rachel.Hensley@sad13.org:8syY4uEc9gPGL.d

UNKNOWN:22491217

mapb22@gmail.com:Idpcmapb1020

roy.diptanu16@gmail.com:9436377960.ROY

gamingapez9@gmail.com:morrislaikeesoon

anthony_xdl:crazylif3

harcsas76:kistaska1976

samidariane5@gmail.com:sami2001

levihurrycuz@gmail.coml:12345123

ankitdinday75@gmail.com:ankit121004

rpdq1wf4@notua.com:kunlex

bootyslaper23@gmail.com:poop228117

majorkolev56@gmail.com:6GAaQbQqxGm-Tmq

xxxoscar.sh@gmail.com:65388889

madupusandeep05@gmail.com:sandeep123

j.lojas@wp.pl:Holokaust1

fheviedcagravante:Eve0215

fernandobichinque@gmail.com:Yoseteamo2020

jeanmarcocampos@gmail.com:Jemagref0693

kneropromotions@gmail.com:myfuture

kaganmetehan59@gmail.com:MELÄ°KE123

kubaka.bol1:Kuba123123123

salvatore.gutt:salvgsgs

jmjohurul51@gmail.com:13465820jm

pedroluis511@gmail.com:Jucamo05

ferreirasouzaarthur9@gmail.com:pUHxwv+sq2&Qew

motexif593@100xbit.com:Octubre21

dodda29@yahoo.com:Prasad29

fletcher.morgan@student.scotch.wa.edu.au:Fletcher10

itsydcm@gmail.com:Home2020

atc_atc1@hotmail.com:atc2000

ezequielgoudinho@gmail.com:z5BAFq?&748+Zvn

iiayeeroyals7@gmail.com:mydogsbirthdayisOctoberThirtyFirst31

123@disbox.org:ahmed210

derckbryant@gmail.com:Z1t7GsF

udavidee:samuelu12

magichelpers@outlook.com:maestroshohai1

aerodynamiks@gmx.fr:lolipop23123

mr.menic@gmail.hu:Beseyb1990

malyuk2004@gmail.com:21012004

rosenbauerluis@gmail.com:Luisistcool

sssmmmxxx99eerrtt@gmail.com:mUCLxm!_hD2eB9F

cesarbaez0305@gmail.com:hueingkai

florenciaf606@gmail.com:solluna2204

saeziker2008@gmail.com:Pitulinda2008

UNKNOWN:maricarmen2004

afonsobatista83:batistabotas123

[UNKNOWN]:sehidseyhsaid2134

benderct:murray2001

alperen.glsh@gmail.com:BGJ9J!j!6w!6HNf

l.aure.n.eli.za.be.t.htm.p:J,QKWw!mV8XiKS

aknanda2401@gmail.com:ocsmedha2783

joshkennedy44@icloud.com:bBrKEp5k-e9hwgM

nethmaflash8@gmail.com:techno@2022

ovidiuovidiu2013@gmail.com:16031986

vinayakap2005@gmail.com:vinayakk15

mtrasloc@gmail.com:mtrasloc@gmail.com

scrxll36@gmail.com:28012007A

adrianoarele12@gmail.com:Adrianoarele12

unknown:asal1345HA

thelostrandomguy@gmail.com:Pikachusus

66737_1844:M12052c9fd

luidcarlos:luis1000

netosotomontoya@hotmail.com:Klipersoto15

fery1410@seznam.cz:fanda123

a2221901873a@gmail.com:andywong99

haseebgaming676@gmail.com:NEWgaming6762

boluadeodunuga:Boluademitayo22

ares9924:wertyasdepol23

gmachu03@gmail.com:guillermo5

joker.bhim2@gmail.com:sm%99299

djfene@gmail.com:rednex63

evertviktorsson@hotmail.com:Moarna123

okdavi19@gmail.com:coolman190

nkayiloudivyn@gmail.com:007divyn

limawesley.g30.wl:93293510

cassioj030@gmail.com:13092003

dhea121299@gmail.com:K75VD2.nzhgng.n

Th3DJSh0ck:lollol8176

nelsonmlsaraiva@gmail.com:qas12000

lennartgrefenkamp@outlook.de:Supertag1

daemon7spotify@gmail.com:amirthematrix

kyaburkhart@gmail.com:greencat05

catalinalu52@gmail.com:felipe123

rachimnurazis@gmail.com:Doels323232

porrasedu10@gmail.com:Eduspotify2009

anhtuan28376@gmail.com:t2831976

Marc.soulbieu@icloud.com:Marcs2012

farhanahmed111625@gmail.com:01745111625

marcocanizales@gmail.com:Tul10221180809

fjwatson@hotmail.com:ilyasse2020

koroshfatemi@gmail.com:123456qweasd

mcamilaspf@gmail.com:camila.28

amanda_abreu@hotmail.com.br:85672043910

promaximogamevsk:123456789nicolad

UNKNOWN:KFwiDQt+-8H#QFL

dada9games@gmail.com:kubakadixd

UNKNOWN:parisi19

Noobplays77@gmail.com:Andybandy6969

hendelfamily4129@gmail.com:hendel4129

mantheman6969@proton.me:670Kult

tonata.i.shipena@gmail.com:igumbo2004

mcdonaldgerard02@gmail.com:stager12

ca.ravibhatti@yahoo.com:RDBhatti@123

marthah1218@gmail.com:AngelB2008

miracsananeamk@gmail.com:31mrc06825

zarvova3390@mail.ru:6312798778Zxc

UNKNOWN:quierohacerpipi1

Andricsoe1234:Iphone344001011220

arshad93340amba@gmail.com:Arshadamba123

disqueriabvm:sasha2112

info:Power@Objects321

[UNKNOWN]:Fuckface1981

xeetex:Taskefetis3768

mharrisprice@gmail.com:N0limit

UNKNOWN:Daniel.1801

rolfcatharina:nast124711

unknown:Malena23

josesouza@tjba.jus.br:324124892

ljunble@gmail.com:L9yAJwj5ix3bmS_

pauloadrian007@hotmail.com:10011967

negiadi99@gmail.com:@d1yaII11

chuemte123:177792002tn

taseenalsameer@gmail.com:ts11102012

rullykhoirulanwar@gmail.com:akusayangkamu900t

yulia.rahm11@gmail.com:Alfaresa11

UNKNOWN:tel86781618

:Keoma1966

iaraesquibel2@gmeil.com:zamira

salaj7715@gmail.com:Salaj$123

menungsoabhiprayaa@gmail.com:mempunyaiharapan25

ltnation938:Gretukas123

8W5sfnV5:U

tiktok1@mrshstore.com:spotify1

rblxgm234@gmail.com:24kxasldkr

amrataailani.9@gmail.com:kimamrata

myclofficial:35livelove

xedhvh@gmail.com:dalle0251

mahmoudiamen667@gmail.com:Amen0190

marielpintos145@gmail.com:rankiao123

yasmim.costa@fau.ufrj.br:Yasmim230900jb

mariacelma600@yahoo.com.br:gabriel090807

aassef2@numerique-educatif.fr:drew27ano

mcmanussteve29:Gcd684929808

djp3dr0x@gmail.com:Bascow10

peluchinpayasito@gmail.com:0703302869MAMANEMSENSEI

temponi.lucas123@gmail.com:14111998

wynandmaponyane444@gmail.com:Bro999555

lesito71:737878

advocaciaempautapb@gmail.com:kurisu141250

[UNKNOWN]:7887867171

patrikdamjanovic3012@gmail.com:PatrikDamjanovic30122007

adriancardozo2281:785623gunsos

prosiak366@o2.pl:Prosiak366

gonzaloagrotis@gmail.com:gonzalo38835256

erenkarakurthd@gmail.com:erenkarakurt2005

hiijay290@gmail.com:hanyus024

jogoszikas2305@gmail.com:kakadudup23

2si5vflcxi@rfcdrive.com:klok.lolA1

fajwikkego@gmail.com:Witek2020

saviour:Bubble1029

saeid.smart:S09359358022

mail.gcaivano@gmail.com:gasu1109

UNKNOWN:Yaro12236231

leo_ramos12:p1s2n3

helyayehidelcorral@gmail.com:cachetitos2010

urendadonation3@gmail.com:Urenda1977

Resog07@gmail.com:djEw5soz179KxNMvFcNgFty7AXi6pAiF2iveW6hNpojfVw/Oa20ce7xKXQ

sebaquijayalvaresjonathan@gmail.com:j!2mS/Cr6CFmaY

dekadeku.2005@yahoo.com:pavkata10

[UNKNOWN]:Juninho221199

buisam123456555@gmail.com:8VeyQDAY@m2TUF4

stepanicka.jarosice@gmail.com:Ahojky123

gabrielbodhi@gmail.com:Xt3PqC.KGQphB-4

Ismael.goncalves9:123ismael987

hassanhosseini13881388@gmail.com:3521149316a

talenthub404@gmail.com:adhvik78

ashley.almendra:almendra13

manulm292@gmail.com:kingw100

skooldragon@gmail.com:burninup95

venezia0212:6L!cxJLuxtSbG4T

bouganim100@gmail.com:322544

31t6cklmj7sefyckwnyzauzvmi3u:Xanaxus#1

luancaio:lca192837

tim2070123:Daczik1982

8evillove1111z@dencxvo.com:ggffrdas

spotifynew:15SEP2920000

isanchezsegundo25@gmail.com:21060311

giogigraca:Diogame25

UNKNOWN:cAMARO21

UNKNOWN:27172623c

yututey@gmail.com:PA7-3#U+n,2j6vb

moosa2512ar.p@gmail.com:2512Azxcfr

vargasaltamiranojuandiego@gmail.com:JuanVargas2611

[UNKNOWN]:D@niel07

anjanc2109@gmail.com:anjan2109

n033145348@gmail.com:kismatkismat

nasreddineallouli87@gmail.com:allouli7

felipe@bononidesign.com.br:catarina@2018

haker312@gmail.com:haker312

vozdoton@gmail.com:Gontijo@23

iksoca@gmail.com:ard640420

211790278-9@conalepsonora.edu.mx:jorge2006

shazebx12@gmail.com:shazeb_x8

uparisingh@gmail.com:001Sur

softsouley@gmail.com:Soulby031985

gustavo@fiscallcontabilidade.com.br:lully171

gui:_ii?Gzp8#WB7jde

issystem@outlook.sg:tang0610

toomtrevor:trevor402alt

Arka.gaming.rodja:Gavca0808

el:XD3

apu29r@gmail.com:01915800240

hp.pavilion.np@gmail.com:view@p1234

atanael1988:Fredolebedo12

menendezrocio.513a@fadu.uba.ar:MUSICA2022

mckinarisu@gmail.com:Flo_BCA23

exeptedart2205@gmail.com:Jettarojo2014

bhood2092022@gmail.com:Ahinara14

soyuer.m.o@gmail.com:orhanke1

alexakimmantaring@gmail.com:alexakim1

corinscottspotify:CaptainStuart@46869149

ambalandindinggantung@gmail.com:Sehatkayaberkah@100

theluckyonechile:24471985

efjpiozhuofd@gmail.com:@jfkV2hsWx3DTjQ

gabrielcardiabs:luriyuri

emily:emily1864

j00sm000rita:NULL

sakdadeaw123@gmail.com:-3yEPx9v_JSM6FB

soltandoverbo.32@gmail.com:92212689

naoufel.b@icloud.com:xER!ab8rEs52Wxy

eylulgulaktas@yahoo.com.tr:Egata_2012

neoboythekid@gmail.com:Galario05

rezapahlevymp@yahoo.com:R3z4P4hl3vyMp

vangiebacus976@gmail.com:ladydance76

dimitrisalexandrostsagos1234@gmail.com:Z?3SFc@6.%&2G?r2287465263789

thealbolionknight123@gmail.com:HUNTEDKINGDOM

spotify:qwerty

kan9mt:supersonic2010

UNKNOWN:6mal6=666666

gamemode:0

suby108@gmail.com:gangster123vegas

VAQUILLOSTARK:paolalorenaflores

phuonglinh1128@gmail.com:nosananolife

jeiwsuebpongleo2004@gmail.com:DWfaded0708

lola_883345x2@hotmail.com:43091391lola

unknown:789456Yo

UNKNOWN:Thalia2130

nguyenchihoangap1@gmail.com:hoangnguyen2007

24a8875216@emailmonkey.club:hani123456789

djleggerooficial@gmail.com:leozinho11

diegocalvete2603@gmail.com:d45398814

elo.kandersen@gmail.com:Gf52ok64limubai123

abdullahilhaiyan786@gmail.com:pcs786pcs

Bubbleboy18998:Isabe;;ispog98

tokite3253@ningame.com:12341234zzxxcc

LU8v!7RQKy:DajS

k.a.c.c:javierateamo

claragataperfeita:claraperfeita

tinashechinhamotyn@gmail.com:tynashe2020

presentegalone@gmail.com:lucas2006

nx2t@outlook.com:h4dd4d1n

islamsahraoui2022@gmail.com:VFm_C-xGZcr7%wD

darkwhite9771:davide97

srlej29@gmail.com:srki123123

clementina34895@gmail.com:60743181

beaga5338@gmail.com:sfrsknt75

marie.kitchenatics@gmail.com:serendipity1

shayagmon@gmail.com:Je3g7yNtF2hr2vf

tomeraza1234@gmail.com:QWASZXCVFGa12123

kd_Q$=:4F?!DaJW

xerocs404@gmail.com:blendkika123

miguel500bejarano@gmail.com:MiGuel_123

Lucascordovaprovi:lucas_22__

yilido9124@yasiok.com:yilido9124@yasiok.com

rayenwesslati100@gmail.com:rayen123

gokay.coskuner@gmail.com:gokay1212

cristhianandresmosqueraperez9@gmail.com:cristhianandresmosqueraperez9

perditojuarez@gmail.com:?#+MUHV4)R9rCg_

lmihail48483248@gmail.com:48483248

juanzaratem@gmail.com:Gloriadelreino11

rubendavidrizo@gmail.com:6669997

hi.siska2:Hisiska416977_

emily.garcia3639@gmail.com:233ssddf

kaivalya3313@gmail.com:Vandana@1234

heymiasofth@gmail.com:1308313200

nixxonraydden@gmail.com:oawa6m1h6

casa.luis.loureiro:LMVl@951

khobzthon@gmx.fr:lolipop23123

toystoryfan222@gmail.com:-!sakKt6aPHf#qh

jpconstantinotorquato2017@gmail.com:Joaopedr2007

lwkiat.jlcon@gmail.com:840601kiat

brozlovewethebest:20070521Kris

abderrahmane@live.fr:0660174620

viorelc910@gmail.com:Vio@Rel67

joaopivato131@gmail.com:joao25052005

hT2tYw!iunQ:jKH

lillicoockie1415@gmail.com:maurice14coockie1415

robinbecherr@gmail.com:Eeimlelove1

nikoainthere@gmail.com:iamchan@15

UNKNOWN:1989Dl2026

spantaik@hotmail.com:H@6Nsruix64Z@KN

Lucadulol07@gmail.com:lucadustmann

reddadi.abderrahmane@gmail.com:1998abdoabdo

noobnubg360@gmail.com:noobnubg360@gmail.com

mikerarimikerari@gmail.com:Fg462695010

corularemre@gmail.com:214653emre

panusa20@gmail.com:Julio820junio

sxilty123@gmail.com:Bears123

UNKNOWN:112233445566778899y

asaasassasas@gmail.com:xNSs9NjP3t4ngNU

UNKNOWN:Plutonian@123

[UNKNOWN]:manuelprimo01

seddiq009@hotmail.com:physicsislife1

boxspt055:boxspt055

megaredix7@gmail.com:1029384756REDIXismail

leo.martinez10@gmail.com:Cecy4321

margaretesamulewski017@gmail.com:242115

crystiian.reimann@gmail.com:taxi1010

dopesuperduper:J,h85JGU_Fhg/5

ericmaster19@outlook.com:10987654321

djconaantony3@gmail.com:popola10

elregresodesprek@gmail.com:AlfredoBasado546

ameeralmar01@gmail.com:NNnn4321

pedrohbardella@hotmail.com:Pedro226#ATENA0104

casuale_fittizio:Ajejebraso1

mparsaass@gmail.com:Mparsa1234

vendasdigital2011@gmail.com:macedo06

demilleperseuscabrera@gmail.com:Pauleenpolo111

gr373834@gmail.com:gr373834@gmail.com

phamcongduoc19929@gmail.com:12345678abc

UNKNOWN:shainajaculbe09398101547@Ja

pierre.fontagnier67@mein.gmx:Oma67063!Lu

UNKNOWN:DevenMcGee1

UNKNOWN:B071019r

Polatcan2006bg@gmail.com:vkaya1234

emrlhkrks28@hotmail.com:emocan28

jeanmichel87@yahoo.com.br:jeanm1202

torimikomo@gmail.com:10qazplm

lucasmhw:amomusica

damien.michaux76710@gmail.com:Montville76710

leyeta4469@sandyteo.com:issamxo5o

[UNKNOWN]:kenz1009

UNKNOWN:Datetent7

a.h.youssef1@student.aast.edu:Am01228020062

andreimariozamfir@gmail.com:andreimario2016

MMccaskill@rockwellautomation.com:gFvI85QC0QBQB8Y

shaunmercedes0@gmail.com:chrisamy1

odradem70@yahoo.com:mipersonafavorita

diaadin123@gmail.com:diaadin123bawser

Kelbashmohamed3@gmail.com:mo7ammed1235

nasrudinactive@gmail.com:Bismillahi2

jessealahame330@gmail.com:Edv2=,9,bEKN^23

vitor.bsantos@hotmail.com:vitorhugo09

kokholm2006@gmail.com:Madsk2006

UNKNOWN:1Mamusika2

cerealkiller4201:G00dluck4201

biemiee:constantia1

3DATRIBOOFICIAL:dquebrada3datribo

tandi2516@gmail.com:098runbhai

//www.spotify.com/:318651687896paulmedina

tapia_15_15@hotmail.com:tapia9483522123

1337hubi@gmail.com:hubibubi

dcgent624@usako.net:784512Spt

marcin423567@gmail.com:dbz12;345678

amarintammarat@gmail.com:j1249900666824

fabinhotenoriomaisacao@gmail.com:FfAaBbIiNnHhOo11000

justinsix4138@gmail.com:will4764

diegoragoni96@gmail.com:Pesciolino8

macarthyjoseph115@gmail.com:josephm@12345

lil_loz_lumpkins@hotmail.com:ezzahi1

kadiljasser@gmail.com:jasserkadilparadji

azzahrafadia475@gmail.com:Fadia0910

danielenastos383@gmail.com:dani2003

rodriguezcorreadevany@gmail.com:Devany132e

zoneamatomyy@gmail.com:Ridwan44

UNKNOWN:Bebastapisopan31

el.random.bros.01:luisgabriel2010

killmeretard14@gmail.com:terezinha55

anandkumar202047@gmail.com:Spotify@#47

BoBoikayt@gmail.com:asdEGyfasz123

palageadrian17:aditza2007

mandilelad@gmail.com:elad0537257020

31bjolqdinyc6iznuuh6sa77h53q:Asdf-2266

zatobomludim@gmail.com:perabbrs

leyreanne4@gmail.com:@Lnif2116

s4mxeel:sa0235

TheSeverus:27219581

kercila3000:Domaahal

technosuman@gmail.com:SUKA3367

arunkumarbuddala@gmail.com:monalisa@123

xxmargoo50@gmail.com:bobbycaesaro12

shadow123456333333@gmail.com:neymarjr10

cyderaxe3153@gmail.com:ferdi3153

spofity:Biotra9877

trevaf2005@gmail.com:,p^.j$9y~cnL_,k

tayyaba_warriach@yahoo.com:d2ypm

ardafaf1903@gmail.com:ardafaf1903faf

kantpong1@gmail.com:shopper_0511

cocomelentete:Riri20171995

henrryel82@gmail.com:H6L,_DKc.vf)JJd

dhanush.sudha11@gmail.com:dhanush.s112

spotify:Teamxrayfk05Kelsie14566Ð

sejourkody@gmail.com:Kodygang

violeta.alexchira@yahoo.com:h'"jc578uEJ3G

abdulbasithknlr@aol.com:abdul637568

ss168ss@hotmail.com:abc123456

hoorainbintefaheem@gmail.com:D*2NNie.wZyHC!V

simonesvargas@hotmail.com:luli030400

moneybadagb@gmail.com:Money319

romanoagustin2008@gmail.com:jpablo08

gabriel52d:Aikmikini1

onzeansdemoi@gmail.com:phantom251319

spotify:Wera.1999.06.14

adrimanzar1@gmail.com:adrimanza1

valemert0@gmail.com:Sszg2216

Trezwr0875@outlook.com:3fncFB5gVbEVS!Z

marcualex90:maciomeg123

unknown:Os454car

